Archive member included to satisfy reference by file (symbol)

c:/st/stm32cubeide_1.10.1/stm32cubeide/plugins/com.st.stm32cube.ide.mcu.externaltools.gnu-tools-for-stm32.10.3-2021.10.win32_1.0.0.202111181127/tools/bin/../lib/gcc/arm-none-eabi/10.3.1/../../../../arm-none-eabi/lib/thumb/v6-m/nofp\libc_nano.a(lib_a-errno.o)
                              ./Core/Src/syscalls.o (__errno)
c:/st/stm32cubeide_1.10.1/stm32cubeide/plugins/com.st.stm32cube.ide.mcu.externaltools.gnu-tools-for-stm32.10.3-2021.10.win32_1.0.0.202111181127/tools/bin/../lib/gcc/arm-none-eabi/10.3.1/../../../../arm-none-eabi/lib/thumb/v6-m/nofp\libc_nano.a(lib_a-exit.o)
                              c:/st/stm32cubeide_1.10.1/stm32cubeide/plugins/com.st.stm32cube.ide.mcu.externaltools.gnu-tools-for-stm32.10.3-2021.10.win32_1.0.0.202111181127/tools/bin/../lib/gcc/arm-none-eabi/10.3.1/../../../../arm-none-eabi/lib/thumb/v6-m/nofp/crt0.o (exit)
c:/st/stm32cubeide_1.10.1/stm32cubeide/plugins/com.st.stm32cube.ide.mcu.externaltools.gnu-tools-for-stm32.10.3-2021.10.win32_1.0.0.202111181127/tools/bin/../lib/gcc/arm-none-eabi/10.3.1/../../../../arm-none-eabi/lib/thumb/v6-m/nofp\libc_nano.a(lib_a-impure.o)
                              c:/st/stm32cubeide_1.10.1/stm32cubeide/plugins/com.st.stm32cube.ide.mcu.externaltools.gnu-tools-for-stm32.10.3-2021.10.win32_1.0.0.202111181127/tools/bin/../lib/gcc/arm-none-eabi/10.3.1/../../../../arm-none-eabi/lib/thumb/v6-m/nofp\libc_nano.a(lib_a-exit.o) (_global_impure_ptr)
c:/st/stm32cubeide_1.10.1/stm32cubeide/plugins/com.st.stm32cube.ide.mcu.externaltools.gnu-tools-for-stm32.10.3-2021.10.win32_1.0.0.202111181127/tools/bin/../lib/gcc/arm-none-eabi/10.3.1/../../../../arm-none-eabi/lib/thumb/v6-m/nofp\libc_nano.a(lib_a-init.o)
                              c:/st/stm32cubeide_1.10.1/stm32cubeide/plugins/com.st.stm32cube.ide.mcu.externaltools.gnu-tools-for-stm32.10.3-2021.10.win32_1.0.0.202111181127/tools/bin/../lib/gcc/arm-none-eabi/10.3.1/../../../../arm-none-eabi/lib/thumb/v6-m/nofp/crt0.o (__libc_init_array)
c:/st/stm32cubeide_1.10.1/stm32cubeide/plugins/com.st.stm32cube.ide.mcu.externaltools.gnu-tools-for-stm32.10.3-2021.10.win32_1.0.0.202111181127/tools/bin/../lib/gcc/arm-none-eabi/10.3.1/../../../../arm-none-eabi/lib/thumb/v6-m/nofp\libc_nano.a(lib_a-memcpy-stub.o)
                              ./App/Data/Flash_data.o (memcpy)
c:/st/stm32cubeide_1.10.1/stm32cubeide/plugins/com.st.stm32cube.ide.mcu.externaltools.gnu-tools-for-stm32.10.3-2021.10.win32_1.0.0.202111181127/tools/bin/../lib/gcc/arm-none-eabi/10.3.1/../../../../arm-none-eabi/lib/thumb/v6-m/nofp\libc_nano.a(lib_a-memset.o)
                              c:/st/stm32cubeide_1.10.1/stm32cubeide/plugins/com.st.stm32cube.ide.mcu.externaltools.gnu-tools-for-stm32.10.3-2021.10.win32_1.0.0.202111181127/tools/bin/../lib/gcc/arm-none-eabi/10.3.1/../../../../arm-none-eabi/lib/thumb/v6-m/nofp/crt0.o (memset)
c:/st/stm32cubeide_1.10.1/stm32cubeide/plugins/com.st.stm32cube.ide.mcu.externaltools.gnu-tools-for-stm32.10.3-2021.10.win32_1.0.0.202111181127/tools/bin/../lib/gcc/arm-none-eabi/10.3.1/../../../../arm-none-eabi/lib/thumb/v6-m/nofp\libc_nano.a(lib_a-strlen.o)
                              ./Libraries/LCD_I2C.o (strlen)
c:/st/stm32cubeide_1.10.1/stm32cubeide/plugins/com.st.stm32cube.ide.mcu.externaltools.gnu-tools-for-stm32.10.3-2021.10.win32_1.0.0.202111181127/tools/bin/../lib/gcc/arm-none-eabi/10.3.1/../../../../arm-none-eabi/lib/thumb/v6-m/nofp\libc_nano.a(lib_a-vsprintf.o)
                              ./Libraries/LCD_I2C.o (vsprintf)
c:/st/stm32cubeide_1.10.1/stm32cubeide/plugins/com.st.stm32cube.ide.mcu.externaltools.gnu-tools-for-stm32.10.3-2021.10.win32_1.0.0.202111181127/tools/bin/../lib/gcc/arm-none-eabi/10.3.1/../../../../arm-none-eabi/lib/thumb/v6-m/nofp\libc_nano.a(lib_a-nano-svfprintf.o)
                              c:/st/stm32cubeide_1.10.1/stm32cubeide/plugins/com.st.stm32cube.ide.mcu.externaltools.gnu-tools-for-stm32.10.3-2021.10.win32_1.0.0.202111181127/tools/bin/../lib/gcc/arm-none-eabi/10.3.1/../../../../arm-none-eabi/lib/thumb/v6-m/nofp\libc_nano.a(lib_a-vsprintf.o) (_svfprintf_r)
c:/st/stm32cubeide_1.10.1/stm32cubeide/plugins/com.st.stm32cube.ide.mcu.externaltools.gnu-tools-for-stm32.10.3-2021.10.win32_1.0.0.202111181127/tools/bin/../lib/gcc/arm-none-eabi/10.3.1/../../../../arm-none-eabi/lib/thumb/v6-m/nofp\libc_nano.a(lib_a-nano-vfprintf_i.o)
                              c:/st/stm32cubeide_1.10.1/stm32cubeide/plugins/com.st.stm32cube.ide.mcu.externaltools.gnu-tools-for-stm32.10.3-2021.10.win32_1.0.0.202111181127/tools/bin/../lib/gcc/arm-none-eabi/10.3.1/../../../../arm-none-eabi/lib/thumb/v6-m/nofp\libc_nano.a(lib_a-nano-svfprintf.o) (_printf_i)
c:/st/stm32cubeide_1.10.1/stm32cubeide/plugins/com.st.stm32cube.ide.mcu.externaltools.gnu-tools-for-stm32.10.3-2021.10.win32_1.0.0.202111181127/tools/bin/../lib/gcc/arm-none-eabi/10.3.1/../../../../arm-none-eabi/lib/thumb/v6-m/nofp\libc_nano.a(lib_a-memchr-stub.o)
[...]
Memory Configuration

Name             Origin             Length             Attributes
RAM              0x0000000020000000 0x0000000000002000 xrw
FLASH            0x0000000008000000 0x0000000000010000 xr
*default*        0x0000000000000000 0xffffffffffffffff

Linker script and memory map

LOAD c:/st/stm32cubeide_1.10.1/stm32cubeide/plugins/com.st.stm32cube.ide.mcu.externaltools.gnu-tools-for-stm32.10.3-2021.10.win32_1.0.0.202111181127/tools/bin/../lib/gcc/arm-none-eabi/10.3.1/thumb/v6-m/nofp/crti.o
LOAD c:/st/stm32cubeide_1.10.1/stm32cubeide/plugins/com.st.stm32cube.ide.mcu.externaltools.gnu-tools-for-stm32.10.3-2021.10.win32_1.0.0.202111181127/tools/bin/../lib/gcc/arm-none-eabi/10.3.1/thumb/v6-m/nofp/crtbegin.o
LOAD c:/st/stm32cubeide_1.10.1/stm32cubeide/plugins/com.st.stm32cube.ide.mcu.externaltools.gnu-tools-for-stm32.10.3-2021.10.win32_1.0.0.202111181127/tools/bin/../lib/gcc/arm-none-eabi/10.3.1/../../../../arm-none-eabi/lib/thumb/v6-m/nofp/crt0.o
LOAD ./App/Control/Control.o
LOAD ./App/Control/Motor.o
LOAD ./App/Control/Relay.o
LOAD ./App/Data/Flash_data.o
LOAD ./App/Menu/Main_menu.o
LOAD ./App/Menu/Menu.o
LOAD ./App/Menu/Setting_menu.o
LOAD ./App/keypad_driver.o
LOAD ./App/real_time.o
LOAD ./Core/Src/main.o
LOAD ./Core/Src/stm32f0xx_hal_msp.o
LOAD ./Core/Src/stm32f0xx_it.o
LOAD ./Core/Src/syscalls.o
LOAD ./Core/Src/sysmem.o
LOAD ./Core/Src/system_stm32f0xx.o
LOAD ./Core/Startup/startup_stm32f030c8tx.o
LOAD ./Drivers/STM32F0xx_HAL_Driver/Src/stm32f0xx_hal.o
LOAD ./Drivers/STM32F0xx_HAL_Driver/Src/stm32f0xx_hal_cortex.o
LOAD ./Drivers/STM32F0xx_HAL_Driver/Src/stm32f0xx_hal_dma.o
LOAD ./Drivers/STM32F0xx_HAL_Driver/Src/stm32f0xx_hal_exti.o
LOAD ./Drivers/STM32F0xx_HAL_Driver/Src/stm32f0xx_hal_flash.o
LOAD ./Drivers/STM32F0xx_HAL_Driver/Src/stm32f0xx_hal_flash_ex.o
LOAD ./Drivers/STM32F0xx_HAL_Driver/Src/stm32f0xx_hal_gpio.o
LOAD ./Drivers/STM32F0xx_HAL_Driver/Src/stm32f0xx_hal_i2c.o
LOAD ./Drivers/STM32F0xx_HAL_Driver/Src/stm32f0xx_hal_i2c_ex.o
LOAD ./Drivers/STM32F0xx_HAL_Driver/Src/stm32f0xx_hal_pwr.o
LOAD ./Drivers/STM32F0xx_HAL_Driver/Src/stm32f0xx_hal_pwr_ex.o
LOAD ./Drivers/STM32F0xx_HAL_Driver/Src/stm32f0xx_hal_rcc.o
LOAD ./Drivers/STM32F0xx_HAL_Driver/Src/stm32f0xx_hal_rcc_ex.o
LOAD ./Drivers/STM32F0xx_HAL_Driver/Src/stm32f0xx_hal_tim.o
LOAD ./Drivers/STM32F0xx_HAL_Driver/Src/stm32f0xx_hal_tim_ex.o
LOAD ./Libraries/DS3231.o
LOAD ./Libraries/Keypad.o
LOAD ./Libraries/LCD_I2C.o
LOAD ./Libraries/Water_Level_Sensor.o
LOAD ./Libraries/flash.o
START GROUP
LOAD c:/st/stm32cubeide_1.10.1/stm32cubeide/plugins/com.st.stm32cube.ide.mcu.externaltools.gnu-tools-for-stm32.10.3-2021.10.win32_1.0.0.202111181127/tools/bin/../lib/gcc/arm-none-eabi/10.3.1/../../../../arm-none-eabi/lib/thumb/v6-m/nofp\libc_nano.a
LOAD c:/st/stm32cubeide_1.10.1/stm32cubeide/plugins/com.st.stm32cube.ide.mcu.externaltools.gnu-tools-for-stm32.10.3-2021.10.win32_1.0.0.202111181127/tools/bin/../lib/gcc/arm-none-eabi/10.3.1/../../../../arm-none-eabi/lib/thumb/v6-m/nofp\libm.a
END GROUP
START GROUP
LOAD c:/st/stm32cubeide_1.10.1/stm32cubeide/plugins/com.st.stm32cube.ide.mcu.externaltools.gnu-tools-for-stm32.10.3-2021.10.win32_1.0.0.202111181127/tools/bin/../lib/gcc/arm-none-eabi/10.3.1/thumb/v6-m/nofp\libgcc.a
LOAD c:/st/stm32cubeide_1.10.1/stm32cubeide/plugins/com.st.stm32cube.ide.mcu.externaltools.gnu-tools-for-stm32.10.3-2021.10.win32_1.0.0.202111181127/tools/bin/../lib/gcc/arm-none-eabi/10.3.1/../../../../arm-none-eabi/lib/thumb/v6-m/nofp\libc_nano.a
END GROUP
START GROUP
LOAD c:/st/stm32cubeide_1.10.1/stm32cubeide/plugins/com.st.stm32cube.ide.mcu.externaltools.gnu-tools-for-stm32.10.3-2021.10.win32_1.0.0.202111181127/tools/bin/../lib/gcc/arm-none-eabi/10.3.1/thumb/v6-m/nofp\libgcc.a
LOAD c:/st/stm32cubeide_1.10.1/stm32cubeide/plugins/com.st.stm32cube.ide.mcu.externaltools.gnu-tools-for-stm32.10.3-2021.10.win32_1.0.0.202111181127/tools/bin/../lib/gcc/arm-none-eabi/10.3.1/../../../../arm-none-eabi/lib/thumb/v6-m/nofp\libc_nano.a
LOAD c:/st/stm32cubeide_1.10.1/stm32cubeide/plugins/com.st.stm32cube.ide.mcu.externaltools.gnu-tools-for-stm32.10.3-2021.10.win32_1.0.0.202111181127/tools/bin/../lib/gcc/arm-none-eabi/10.3.1/../../../../arm-none-eabi/lib/thumb/v6-m/nofp\libnosys.a
END GROUP
START GROUP
LOAD c:/st/stm32cubeide_1.10.1/stm32cubeide/plugins/com.st.stm32cube.ide.mcu.externaltools.gnu-tools-for-stm32.10.3-2021.10.win32_1.0.0.202111181127/tools/bin/../lib/gcc/arm-none-eabi/10.3.1/thumb/v6-m/nofp\libgcc.a
LOAD c:/st/stm32cubeide_1.10.1/stm32cubeide/plugins/com.st.stm32cube.ide.mcu.externaltools.gnu-tools-for-stm32.10.3-2021.10.win32_1.0.0.202111181127/tools/bin/../lib/gcc/arm-none-eabi/10.3.1/../../../../arm-none-eabi/lib/thumb/v6-m/nofp\libc_nano.a
LOAD c:/st/stm32cubeide_1.10.1/stm32cubeide/plugins/com.st.stm32cube.ide.mcu.externaltools.gnu-tools-for-stm32.10.3-2021.10.win32_1.0.0.202111181127/tools/bin/../lib/gcc/arm-none-eabi/10.3.1/../../../../arm-none-eabi/lib/thumb/v6-m/nofp\libnosys.a
END GROUP
LOAD c:/st/stm32cubeide_1.10.1/stm32cubeide/plugins/com.st.stm32cube.ide.mcu.externaltools.gnu-tools-for-stm32.10.3-2021.10.win32_1.0.0.202111181127/tools/bin/../lib/gcc/arm-none-eabi/10.3.1/thumb/v6-m/nofp/crtend.o
LOAD c:/st/stm32cubeide_1.10.1/stm32cubeide/plugins/com.st.stm32cube.ide.mcu.externaltools.gnu-tools-for-stm32.10.3-2021.10.win32_1.0.0.202111181127/tools/bin/../lib/gcc/arm-none-eabi/10.3.1/thumb/v6-m/nofp/crtn.o
                0x0000000020002000                _estack = (ORIGIN (RAM) + LENGTH (RAM))
                0x0000000000000200                _Min_Heap_Size = 0x200
                0x0000000000000400                _Min_Stack_Size = 0x400

.isr_vector     0x0000000008000000       0xc0
                0x0000000008000000                . = ALIGN (0x4)
 *(.isr_vector)
 .isr_vector    0x0000000008000000       0xc0 ./Core/Startup/startup_stm32f030c8tx.o
                0x0000000008000000                g_pfnVectors
                0x00000000080000c0                . = ALIGN (0x4)

.text           0x00000000080000c0     0x4ac4
                0x00000000080000c0                . = ALIGN (0x4)
 *(.text)
 .text          0x00000000080000c0       0x48 c:/st/stm32cubeide_1.10.1/stm32cubeide/plugins/com.st.stm32cube.ide.mcu.externaltools.gnu-tools-for-stm32.10.3-2021.10.win32_1.0.0.202111181127/tools/bin/../lib/gcc/arm-none-eabi/10.3.1/thumb/v6-m/nofp/crtbegin.o
 .text          0x0000000008000108        0xe c:/st/stm32cubeide_1.10.1/stm32cubeide/plugins/com.st.stm32cube.ide.mcu.externaltools.gnu-tools-for-stm32.10.3-2021.10.win32_1.0.0.202111181127/tools/bin/../lib/gcc/arm-none-eabi/10.3.1/../../../../arm-none-eabi/lib/thumb/v6-m/nofp\libc_nano.a(lib_a-strlen.o)
                0x0000000008000108                strlen
 *fill*         0x0000000008000116        0x2 
 .text          0x0000000008000118       0x14 c:/st/stm32cubeide_1.10.1/stm32cubeide/plugins/com.st.stm32cube.ide.mcu.externaltools.gnu-tools-for-stm32.10.3-2021.10.win32_1.0.0.202111181127/tools/bin/../lib/gcc/arm-none-eabi/10.3.1/thumb/v6-m/nofp\libgcc.a(_thumb1_case_shi.o)
                0x0000000008000118                __gnu_thumb1_case_shi
 .text          0x000000000800012c      0x114 c:/st/stm32cubeide_1.10.1/stm32cubeide/plugins/com.st.stm32cube.ide.mcu.externaltools.gnu-tools-for-stm32.10.3-2021.10.win32_1.0.0.202111181127/tools/bin/../lib/gcc/arm-none-eabi/10.3.1/thumb/v6-m/nofp\libgcc.a(_udivsi3.o)
                0x000000000800012c                __aeabi_uidiv
                0x000000000800012c                __udivsi3
                0x0000000008000238                __aeabi_uidivmod
 .text          0x0000000008000240        0x4 c:/st/stm32cubeide_1.10.1/stm32cubeide/plugins/com.st.stm32cube.ide.mcu.externaltools.gnu-tools-for-stm32.10.3-2021.10.win32_1.0.0.202111181127/tools/bin/../lib/gcc/arm-none-eabi/10.3.1/thumb/v6-m/nofp\libgcc.a(_dvmd_tls.o)
                0x0000000008000240                __aeabi_idiv0
                0x0000000008000240                __aeabi_ldiv0
 *(.text*)
 .text.error_behavior
                0x0000000008000244       0xc8 ./App/Control/Control.o
 .text.WLS1_Control
                0x000000000800030c       0xf4 ./App/Control/Control.o
                0x000000000800030c                WLS1_Control
 .text.WLS2_Control
                0x0000000008000400       0x74 ./App/Control/Control.o
                0x0000000008000400                WLS2_Control
 .text.CONTRL_Init
                0x0000000008000474       0x40 ./App/Control/Control.o
                0x0000000008000474                CONTRL_Init
 .text.CONTROL_Handle
                0x00000000080004b4       0xe0 ./App/Control/Control.o
                0x00000000080004b4                CONTROL_Handle
 .text.MOTOR_Init
                0x0000000008000594       0x20 ./App/Control/Motor.o
                0x0000000008000594                MOTOR_Init
 .text.MOTOR_Set_State
                0x00000000080005b4       0x20 ./App/Control/Motor.o
                0x00000000080005b4                MOTOR_Set_State
 .text.MOTOR_Handle
                0x00000000080005d4       0x38 ./App/Control/Motor.o
                0x00000000080005d4                MOTOR_Handle
 .text.RELAY_Init
                0x000000000800060c       0x14 ./App/Control/Relay.o
                0x000000000800060c                RELAY_Init
 .text.RELAY_Set_State
                0x0000000008000620       0x20 ./App/Control/Relay.o
                0x0000000008000620                RELAY_Set_State
 .text.RELAY_Current_Relay_Mask
                0x0000000008000640       0x14 ./App/Control/Relay.o
                0x0000000008000640                RELAY_Current_Relay_Mask
 .text.RELAY_Handle
                0x0000000008000654       0x60 ./App/Control/Relay.o
                0x0000000008000654                RELAY_Handle
 .text.FLASH_DATA_Init
                0x00000000080006b4       0xa8 ./App/Data/Flash_data.o
                0x00000000080006b4                FLASH_DATA_Init
 .text.FLASH_DATA_Update
                0x000000000800075c       0x98 ./App/Data/Flash_data.o
                0x000000000800075c                FLASH_DATA_Update
 .text.FLASH_DATA_Store
                0x00000000080007f4       0x1c ./App/Data/Flash_data.o
                0x00000000080007f4                FLASH_DATA_Store
 .text.FLASH_DATA_Get_Current_Data
                0x0000000008000810       0x24 ./App/Data/Flash_data.o
                0x0000000008000810                FLASH_DATA_Get_Current_Data
 .text.MAIN_MENU_Init
                0x0000000008000834        0xa ./App/Menu/Main_menu.o
                0x0000000008000834                MAIN_MENU_Init
 *fill*         0x000000000800083e        0x2 
 .text.MAIN_MENU_Set_State
                0x0000000008000840       0x20 ./App/Menu/Main_menu.o
                0x0000000008000840                MAIN_MENU_Set_State
 .text.MAIN_MENU_Display
                0x0000000008000860      0x18c ./App/Menu/Main_menu.o
                0x0000000008000860                MAIN_MENU_Display
 .text.MENU_Init
                0x00000000080009ec       0x44 ./App/Menu/Menu.o
                0x00000000080009ec                MENU_Init
 .text.MENU_Handle
                0x0000000008000a30       0x40 ./App/Menu/Menu.o
                0x0000000008000a30                MENU_Handle
 .text.SETTING_MENU_Set_State
                0x0000000008000a70       0x60 ./App/Menu/Setting_menu.o
                0x0000000008000a70                SETTING_MENU_Set_State
 .text.SETTING_MENU_Keypad_Input
                0x0000000008000ad0      0x314 ./App/Menu/Setting_menu.o
                0x0000000008000ad0                SETTING_MENU_Keypad_Input
 .text.SETTING_MENU_Display
                0x0000000008000de4      0x148 ./App/Menu/Setting_menu.o
                0x0000000008000de4                SETTING_MENU_Display
 .text.KeypadPressingCallback
                0x0000000008000f2c       0x68 ./App/keypad_driver.o
                0x0000000008000f2c                KeypadPressingCallback
 .text.KEYPAD_DRIVER_Handle
                0x0000000008000f94        0xe ./App/keypad_driver.o
                0x0000000008000f94                KEYPAD_DRIVER_Handle
 *fill*         0x0000000008000fa2        0x2 
 .text.REALTIME_Init
                0x0000000008000fa4       0xa0 ./App/real_time.o
                0x0000000008000fa4                REALTIME_Init
 .text.REALTIME_Handle
                0x0000000008001044       0xb0 ./App/real_time.o
                0x0000000008001044                REALTIME_Handle
 .text.REALTIME_Set_New_Realtime
                0x00000000080010f4       0x70 ./App/real_time.o
                0x00000000080010f4                REALTIME_Set_New_Realtime
 .text.main     0x0000000008001164       0x32 ./Core/Src/main.o
                0x0000000008001164                main
 .text.SystemClock_Config
                0x0000000008001196       0x94 ./Core/Src/main.o
                0x0000000008001196                SystemClock_Config
 *fill*         0x000000000800122a        0x2 
 .text.MX_I2C2_Init
                0x000000000800122c       0x80 ./Core/Src/main.o
 .text.MX_GPIO_Init
                0x00000000080012ac      0x17c ./Core/Src/main.o
 .text.Error_Handler
                0x0000000008001428        0xa ./Core/Src/main.o
                0x0000000008001428                Error_Handler
 *fill*         0x0000000008001432        0x2 
 .text.HAL_MspInit
                0x0000000008001434       0x48 ./Core/Src/stm32f0xx_hal_msp.o
                0x0000000008001434                HAL_MspInit
 .text.HAL_I2C_MspInit
                0x000000000800147c       0x94 ./Core/Src/stm32f0xx_hal_msp.o
                0x000000000800147c                HAL_I2C_MspInit
 .text.NMI_Handler
                0x0000000008001510        0x6 ./Core/Src/stm32f0xx_it.o
                0x0000000008001510                NMI_Handler
 .text.HardFault_Handler
                0x0000000008001516        0x6 ./Core/Src/stm32f0xx_it.o
                0x0000000008001516                HardFault_Handler
 .text.SVC_Handler
                0x000000000800151c        0xa ./Core/Src/stm32f0xx_it.o
                0x000000000800151c                SVC_Handler
 .text.PendSV_Handler
                0x0000000008001526        0xa ./Core/Src/stm32f0xx_it.o
                0x0000000008001526                PendSV_Handler
 .text.SysTick_Handler
                0x0000000008001530        0xe ./Core/Src/stm32f0xx_it.o
                0x0000000008001530                SysTick_Handler
 *fill*         0x000000000800153e        0x2 
 .text._sbrk    0x0000000008001540       0x6c ./Core/Src/sysmem.o
                0x0000000008001540                _sbrk
 .text.SystemInit
                0x00000000080015ac        0xa ./Core/Src/system_stm32f0xx.o
                0x00000000080015ac                SystemInit
 *fill*         0x00000000080015b6        0x2 
 .text.Reset_Handler
                0x00000000080015b8       0x50 ./Core/Startup/startup_stm32f030c8tx.o
                0x00000000080015b8                Reset_Handler
 .text.Default_Handler
                0x0000000008001608        0x2 ./Core/Startup/startup_stm32f030c8tx.o
                0x0000000008001608                TIM1_CC_IRQHandler
                0x0000000008001608                TIM6_IRQHandler
                0x0000000008001608                I2C1_IRQHandler
                0x0000000008001608                SPI1_IRQHandler
                0x0000000008001608                EXTI2_3_IRQHandler
                0x0000000008001608                ADC1_IRQHandler
                0x0000000008001608                I2C2_IRQHandler
                0x0000000008001608                TIM17_IRQHandler
                0x0000000008001608                RTC_IRQHandler
                0x0000000008001608                TIM16_IRQHandler
                0x0000000008001608                TIM3_IRQHandler
                0x0000000008001608                EXTI4_15_IRQHandler
                0x0000000008001608                RCC_IRQHandler
                0x0000000008001608                DMA1_Channel1_IRQHandler
                0x0000000008001608                Default_Handler
                0x0000000008001608                TIM14_IRQHandler
                0x0000000008001608                DMA1_Channel4_5_IRQHandler
                0x0000000008001608                TIM15_IRQHandler
                0x0000000008001608                EXTI0_1_IRQHandler
                0x0000000008001608                SPI2_IRQHandler
                0x0000000008001608                WWDG_IRQHandler
                0x0000000008001608                DMA1_Channel2_3_IRQHandler
                0x0000000008001608                USART2_IRQHandler
                0x0000000008001608                FLASH_IRQHandler
                0x0000000008001608                USART1_IRQHandler
                0x0000000008001608                TIM1_BRK_UP_TRG_COM_IRQHandler
 *fill*         0x000000000800160a        0x2 
 .text.HAL_Init
                0x000000000800160c       0x28 ./Drivers/STM32F0xx_HAL_Driver/Src/stm32f0xx_hal.o
                0x000000000800160c                HAL_Init
 .text.HAL_InitTick
                0x0000000008001634       0x68 ./Drivers/STM32F0xx_HAL_Driver/Src/stm32f0xx_hal.o
                0x0000000008001634                HAL_InitTick
 .text.HAL_IncTick
                0x000000000800169c       0x24 ./Drivers/STM32F0xx_HAL_Driver/Src/stm32f0xx_hal.o
                0x000000000800169c                HAL_IncTick
 .text.HAL_GetTick
                0x00000000080016c0       0x14 ./Drivers/STM32F0xx_HAL_Driver/Src/stm32f0xx_hal.o
                0x00000000080016c0                HAL_GetTick
 .text.HAL_Delay
                0x00000000080016d4       0x48 ./Drivers/STM32F0xx_HAL_Driver/Src/stm32f0xx_hal.o
                0x00000000080016d4                HAL_Delay
 .text.__NVIC_SetPriority
                0x000000000800171c       0xdc ./Drivers/STM32F0xx_HAL_Driver/Src/stm32f0xx_hal_cortex.o
 .text.SysTick_Config
                0x00000000080017f8       0x48 ./Drivers/STM32F0xx_HAL_Driver/Src/stm32f0xx_hal_cortex.o
 .text.HAL_NVIC_SetPriority
                0x0000000008001840       0x2a ./Drivers/STM32F0xx_HAL_Driver/Src/stm32f0xx_hal_cortex.o
                0x0000000008001840                HAL_NVIC_SetPriority
 .text.HAL_SYSTICK_Config
                0x000000000800186a       0x1a ./Drivers/STM32F0xx_HAL_Driver/Src/stm32f0xx_hal_cortex.o
                0x000000000800186a                HAL_SYSTICK_Config
 .text.HAL_FLASH_Program
                0x0000000008001884      0x12c ./Drivers/STM32F0xx_HAL_Driver/Src/stm32f0xx_hal_flash.o
                0x0000000008001884                HAL_FLASH_Program
 .text.HAL_FLASH_Unlock
                0x00000000080019b0       0x4c ./Drivers/STM32F0xx_HAL_Driver/Src/stm32f0xx_hal_flash.o
                0x00000000080019b0                HAL_FLASH_Unlock
 .text.HAL_FLASH_Lock
                0x00000000080019fc       0x1c ./Drivers/STM32F0xx_HAL_Driver/Src/stm32f0xx_hal_flash.o
                0x00000000080019fc                HAL_FLASH_Lock
 .text.FLASH_Program_HalfWord
                0x0000000008001a18       0x38 ./Drivers/STM32F0xx_HAL_Driver/Src/stm32f0xx_hal_flash.o
 .text.FLASH_WaitForLastOperation
                0x0000000008001a50       0x80 ./Drivers/STM32F0xx_HAL_Driver/Src/stm32f0xx_hal_flash.o
                0x0000000008001a50                FLASH_WaitForLastOperation
 .text.FLASH_SetErrorCode
                0x0000000008001ad0       0x60 ./Drivers/STM32F0xx_HAL_Driver/Src/stm32f0xx_hal_flash.o
 .text.HAL_FLASHEx_Erase
                0x0000000008001b30       0xec ./Drivers/STM32F0xx_HAL_Driver/Src/stm32f0xx_hal_flash_ex.o
                0x0000000008001b30                HAL_FLASHEx_Erase
 .text.FLASH_MassErase
                0x0000000008001c1c       0x30 ./Drivers/STM32F0xx_HAL_Driver/Src/stm32f0xx_hal_flash_ex.o
 .text.FLASH_PageErase
                0x0000000008001c4c       0x3c ./Drivers/STM32F0xx_HAL_Driver/Src/stm32f0xx_hal_flash_ex.o
                0x0000000008001c4c                FLASH_PageErase
 .text.HAL_GPIO_Init
                0x0000000008001c88      0x2e0 ./Drivers/STM32F0xx_HAL_Driver/Src/stm32f0xx_hal_gpio.o
                0x0000000008001c88                HAL_GPIO_Init
 .text.HAL_GPIO_ReadPin
                0x0000000008001f68       0x3a ./Drivers/STM32F0xx_HAL_Driver/Src/stm32f0xx_hal_gpio.o
                0x0000000008001f68                HAL_GPIO_ReadPin
 .text.HAL_GPIO_WritePin
                0x0000000008001fa2       0x3a ./Drivers/STM32F0xx_HAL_Driver/Src/stm32f0xx_hal_gpio.o
                0x0000000008001fa2                HAL_GPIO_WritePin
 .text.HAL_I2C_Init
                0x0000000008001fdc      0x12c ./Drivers/STM32F0xx_HAL_Driver/Src/stm32f0xx_hal_i2c.o
                0x0000000008001fdc                HAL_I2C_Init
 .text.HAL_I2C_Master_Transmit
                0x0000000008002108      0x210 ./Drivers/STM32F0xx_HAL_Driver/Src/stm32f0xx_hal_i2c.o
                0x0000000008002108                HAL_I2C_Master_Transmit
 .text.HAL_I2C_Mem_Write
                0x0000000008002318      0x25c ./Drivers/STM32F0xx_HAL_Driver/Src/stm32f0xx_hal_i2c.o
                0x0000000008002318                HAL_I2C_Mem_Write
 .text.HAL_I2C_Mem_Read
                0x0000000008002574      0x268 ./Drivers/STM32F0xx_HAL_Driver/Src/stm32f0xx_hal_i2c.o
                0x0000000008002574                HAL_I2C_Mem_Read
 .text.I2C_RequestMemoryWrite
                0x00000000080027dc       0xc8 ./Drivers/STM32F0xx_HAL_Driver/Src/stm32f0xx_hal_i2c.o
 .text.I2C_RequestMemoryRead
                0x00000000080028a4       0xc4 ./Drivers/STM32F0xx_HAL_Driver/Src/stm32f0xx_hal_i2c.o
 .text.I2C_Flush_TXDR
                0x0000000008002968       0x44 ./Drivers/STM32F0xx_HAL_Driver/Src/stm32f0xx_hal_i2c.o
 .text.I2C_WaitOnFlagUntilTimeout
                0x00000000080029ac       0x7e ./Drivers/STM32F0xx_HAL_Driver/Src/stm32f0xx_hal_i2c.o
 .text.I2C_WaitOnTXISFlagUntilTimeout
                0x0000000008002a2a       0x7e ./Drivers/STM32F0xx_HAL_Driver/Src/stm32f0xx_hal_i2c.o
 .text.I2C_WaitOnSTOPFlagUntilTimeout
                0x0000000008002aa8       0x78 ./Drivers/STM32F0xx_HAL_Driver/Src/stm32f0xx_hal_i2c.o
 .text.I2C_IsAcknowledgeFailed
                0x0000000008002b20       0xf4 ./Drivers/STM32F0xx_HAL_Driver/Src/stm32f0xx_hal_i2c.o
 .text.I2C_TransferConfig
                0x0000000008002c14       0x6c ./Drivers/STM32F0xx_HAL_Driver/Src/stm32f0xx_hal_i2c.o
 .text.HAL_I2CEx_ConfigAnalogFilter
                0x0000000008002c80       0x98 ./Drivers/STM32F0xx_HAL_Driver/Src/stm32f0xx_hal_i2c_ex.o
                0x0000000008002c80                HAL_I2CEx_ConfigAnalogFilter
 .text.HAL_I2CEx_ConfigDigitalFilter
                0x0000000008002d18       0x98 ./Drivers/STM32F0xx_HAL_Driver/Src/stm32f0xx_hal_i2c_ex.o
                0x0000000008002d18                HAL_I2CEx_ConfigDigitalFilter
 .text.HAL_RCC_OscConfig
                0x0000000008002db0      0x634 ./Drivers/STM32F0xx_HAL_Driver/Src/stm32f0xx_hal_rcc.o
                0x0000000008002db0                HAL_RCC_OscConfig
 .text.HAL_RCC_ClockConfig
                0x00000000080033e4      0x19c ./Drivers/STM32F0xx_HAL_Driver/Src/stm32f0xx_hal_rcc.o
                0x00000000080033e4                HAL_RCC_ClockConfig
 .text.HAL_RCC_GetSysClockFreq
                0x0000000008003580       0xc8 ./Drivers/STM32F0xx_HAL_Driver/Src/stm32f0xx_hal_rcc.o
                0x0000000008003580                HAL_RCC_GetSysClockFreq
 .text.BCD_To_DEC
                0x0000000008003648       0x34 ./Libraries/DS3231.o
 .text.DEC_To_BCD
                0x000000000800367c       0x40 ./Libraries/DS3231.o
 .text.DS3231_Init
                0x00000000080036bc       0x18 ./Libraries/DS3231.o
                0x00000000080036bc                DS3231_Init
 .text.DS3231_Set_Time
                0x00000000080036d4       0x98 ./Libraries/DS3231.o
                0x00000000080036d4                DS3231_Set_Time
 .text.DS3231_Get_Time
                0x000000000800376c       0x82 ./Libraries/DS3231.o
                0x000000000800376c                DS3231_Get_Time
 .text.DS3231_Set_Date
                0x00000000080037ee       0x7c ./Libraries/DS3231.o
                0x00000000080037ee                DS3231_Set_Date
 .text.DS3231_Get_Date
                0x000000000800386a       0x70 ./Libraries/DS3231.o
                0x000000000800386a                DS3231_Get_Date
 .text.KeypadPressedShortCallback
                0x00000000080038da       0x14 ./Libraries/Keypad.o
                0x00000000080038da                KeypadPressedShortCallback
 .text.KeypadReleaseCallback
                0x00000000080038ee       0x14 ./Libraries/Keypad.o
                0x00000000080038ee                KeypadReleaseCallback
 .text.KeypadPressingTimeoutCallback
                0x0000000008003902       0x14 ./Libraries/Keypad.o
                0x0000000008003902                KeypadPressingTimeoutCallback
 *fill*         0x0000000008003916        0x2 
 .text.KeyPad_Select_Row
                0x0000000008003918       0x38 ./Libraries/Keypad.o
                0x0000000008003918                KeyPad_Select_Row
 .text.KeyPad_UnSelect_Row
                0x0000000008003950       0x50 ./Libraries/Keypad.o
                0x0000000008003950                KeyPad_UnSelect_Row
 .text.KeyPad_GetKey
                0x00000000080039a0       0x90 ./Libraries/Keypad.o
 .text.Keypad_Filter
                0x0000000008003a30       0x74 ./Libraries/Keypad.o
 .text.Keypad_Handle
                0x0000000008003aa4       0xb4 ./Libraries/Keypad.o
                0x0000000008003aa4                Keypad_Handle
 .text.LCD_Init
                0x0000000008003b58       0xea ./Libraries/LCD_I2C.o
                0x0000000008003b58                LCD_Init
 .text.LCD_Write
                0x0000000008003c42       0x7c ./Libraries/LCD_I2C.o
                0x0000000008003c42                LCD_Write
 .text.LCD_Clear
                0x0000000008003cbe       0x2c ./Libraries/LCD_I2C.o
                0x0000000008003cbe                LCD_Clear
 *fill*         0x0000000008003cea        0x2 
 .text.LCD_Set_Cursor
                0x0000000008003cec       0x6c ./Libraries/LCD_I2C.o
                0x0000000008003cec                LCD_Set_Cursor
 .text.LCD_Cursor_Blink
                0x0000000008003d58       0x32 ./Libraries/LCD_I2C.o
                0x0000000008003d58                LCD_Cursor_Blink
 .text.LCD_Cursor_No_Blink
                0x0000000008003d8a       0x32 ./Libraries/LCD_I2C.o
                0x0000000008003d8a                LCD_Cursor_No_Blink
 .text.LCD_Send_Command
                0x0000000008003dbc       0x96 ./Libraries/LCD_I2C.o
                0x0000000008003dbc                LCD_Send_Command
 .text.LCD_Send_Data
                0x0000000008003e52       0xa2 ./Libraries/LCD_I2C.o
                0x0000000008003e52                LCD_Send_Data
 .text.WLS_Handle
                0x0000000008003ef4      0x1c8 ./Libraries/Water_Level_Sensor.o
                0x0000000008003ef4                WLS_Handle
 .text.WLS_Init
                0x00000000080040bc       0x30 ./Libraries/Water_Level_Sensor.o
                0x00000000080040bc                WLS_Init
 .text.WLS_Value
                0x00000000080040ec       0x14 ./Libraries/Water_Level_Sensor.o
                0x00000000080040ec                WLS_Value
 .text.FLASH_Erase
                0x0000000008004100       0x44 ./Libraries/flash.o
                0x0000000008004100                FLASH_Erase
 .text.FLASH_Write
                0x0000000008004144       0x8a ./Libraries/flash.o
                0x0000000008004144                FLASH_Write
 .text.FLASH_Read
                0x00000000080041ce       0x60 ./Libraries/flash.o
                0x00000000080041ce                FLASH_Read
 *fill*         0x000000000800422e        0x2 
 .text.__errno  0x0000000008004230        0xc c:/st/stm32cubeide_1.10.1/stm32cubeide/plugins/com.st.stm32cube.ide.mcu.externaltools.gnu-tools-for-stm32.10.3-2021.10.win32_1.0.0.202111181127/tools/bin/../lib/gcc/arm-none-eabi/10.3.1/../../../../arm-none-eabi/lib/thumb/v6-m/nofp\libc_nano.a(lib_a-errno.o)
                0x0000000008004230                __errno
 .text.__libc_init_array
                0x000000000800423c       0x48 c:/st/stm32cubeide_1.10.1/stm32cubeide/plugins/com.st.stm32cube.ide.mcu.externaltools.gnu-tools-for-stm32.10.3-2021.10.win32_1.0.0.202111181127/tools/bin/../lib/gcc/arm-none-eabi/10.3.1/../../../../arm-none-eabi/lib/thumb/v6-m/nofp\libc_nano.a(lib_a-init.o)
                0x000000000800423c                __libc_init_array
 .text.memcpy   0x0000000008004284       0x12 c:/st/stm32cubeide_1.10.1/stm32cubeide/plugins/com.st.stm32cube.ide.mcu.externaltools.gnu-tools-for-stm32.10.3-2021.10.win32_1.0.0.202111181127/tools/bin/../lib/gcc/arm-none-eabi/10.3.1/../../../../arm-none-eabi/lib/thumb/v6-m/nofp\libc_nano.a(lib_a-memcpy-stub.o)
                0x0000000008004284                memcpy
 .text.memset   0x0000000008004296       0x10 c:/st/stm32cubeide_1.10.1/stm32cubeide/plugins/com.st.stm32cube.ide.mcu.externaltools.gnu-tools-for-stm32.10.3-2021.10.win32_1.0.0.202111181127/tools/bin/../lib/gcc/arm-none-eabi/10.3.1/../../../../arm-none-eabi/lib/thumb/v6-m/nofp\libc_nano.a(lib_a-memset.o)
                0x0000000008004296                memset
 *fill*         0x00000000080042a6        0x2 
 .text._vsprintf_r
                0x00000000080042a8       0x2c c:/st/stm32cubeide_1.10.1/stm32cubeide/plugins/com.st.stm32cube.ide.mcu.externaltools.gnu-tools-for-stm32.10.3-2021.10.win32_1.0.0.202111181127/tools/bin/../lib/gcc/arm-none-eabi/10.3.1/../../../../arm-none-eabi/lib/thumb/v6-m/nofp\libc_nano.a(lib_a-vsprintf.o)
                0x00000000080042a8                _vsprintf_r
                0x00000000080042a8                _vsiprintf_r
 .text.vsprintf
                0x00000000080042d4       0x18 c:/st/stm32cubeide_1.10.1/stm32cubeide/plugins/com.st.stm32cube.ide.mcu.externaltools.gnu-tools-for-stm32.10.3-2021.10.win32_1.0.0.202111181127/tools/bin/../lib/gcc/arm-none-eabi/10.3.1/../../../../arm-none-eabi/lib/thumb/v6-m/nofp\libc_nano.a(lib_a-vsprintf.o)
                0x00000000080042d4                vsiprintf
                0x00000000080042d4                vsprintf
 .text.__ssputs_r
                0x00000000080042ec       0xc4 c:/st/stm32cubeide_1.10.1/stm32cubeide/plugins/com.st.stm32cube.ide.mcu.externaltools.gnu-tools-for-stm32.10.3-2021.10.win32_1.0.0.202111181127/tools/bin/../lib/gcc/arm-none-eabi/10.3.1/../../../../arm-none-eabi/lib/thumb/v6-m/nofp\libc_nano.a(lib_a-nano-svfprintf.o)
                0x00000000080042ec                __ssputs_r
 .text._svfprintf_r
                0x00000000080043b0      0x200 c:/st/stm32cubeide_1.10.1/stm32cubeide/plugins/com.st.stm32cube.ide.mcu.externaltools.gnu-tools-for-stm32.10.3-2021.10.win32_1.0.0.202111181127/tools/bin/../lib/gcc/arm-none-eabi/10.3.1/../../../../arm-none-eabi/lib/thumb/v6-m/nofp\libc_nano.a(lib_a-nano-svfprintf.o)
                0x00000000080043b0                _svfiprintf_r
                0x00000000080043b0                _svfprintf_r
 .text._printf_common
                0x00000000080045b0       0xde c:/st/stm32cubeide_1.10.1/stm32cubeide/plugins/com.st.stm32cube.ide.mcu.externaltools.gnu-tools-for-stm32.10.3-2021.10.win32_1.0.0.202111181127/tools/bin/../lib/gcc/arm-none-eabi/10.3.1/../../../../arm-none-eabi/lib/thumb/v6-m/nofp\libc_nano.a(lib_a-nano-vfprintf_i.o)
                0x00000000080045b0                _printf_common
 *fill*         0x000000000800468e        0x2 
 .text._printf_i
                0x0000000008004690      0x224 c:/st/stm32cubeide_1.10.1/stm32cubeide/plugins/com.st.stm32cube.ide.mcu.externaltools.gnu-tools-for-stm32.10.3-2021.10.win32_1.0.0.202111181127/tools/bin/../lib/gcc/arm-none-eabi/10.3.1/../../../../arm-none-eabi/lib/thumb/v6-m/nofp\libc_nano.a(lib_a-nano-vfprintf_i.o)
                0x0000000008004690                _printf_i
 .text.memchr   0x00000000080048b4       0x16 c:/st/stm32cubeide_1.10.1/stm32cubeide/plugins/com.st.stm32cube.ide.mcu.externaltools.gnu-tools-for-stm32.10.3-2021.10.win32_1.0.0.202111181127/tools/bin/../lib/gcc/arm-none-eabi/10.3.1/../../../../arm-none-eabi/lib/thumb/v6-m/nofp\libc_nano.a(lib_a-memchr-stub.o)
                0x00000000080048b4                memchr
 .text.memmove  0x00000000080048ca       0x26 c:/st/stm32cubeide_1.10.1/stm32cubeide/plugins/com.st.stm32cube.ide.mcu.externaltools.gnu-tools-for-stm32.10.3-2021.10.win32_1.0.0.202111181127/tools/bin/../lib/gcc/arm-none-eabi/10.3.1/../../../../arm-none-eabi/lib/thumb/v6-m/nofp\libc_nano.a(lib_a-memmove.o)
                0x00000000080048ca                memmove
 .text._free_r  0x00000000080048f0       0x94 c:/st/stm32cubeide_1.10.1/stm32cubeide/plugins/com.st.stm32cube.ide.mcu.externaltools.gnu-tools-for-stm32.10.3-2021.10.win32_1.0.0.202111181127/tools/bin/../lib/gcc/arm-none-eabi/10.3.1/../../../../arm-none-eabi/lib/thumb/v6-m/nofp\libc_nano.a(lib_a-nano-freer.o)
                0x00000000080048f0                _free_r
 .text.sbrk_aligned
                0x0000000008004984       0x44 c:/st/stm32cubeide_1.10.1/stm32cubeide/plugins/com.st.stm32cube.ide.mcu.externaltools.gnu-tools-for-stm32.10.3-2021.10.win32_1.0.0.202111181127/tools/bin/../lib/gcc/arm-none-eabi/10.3.1/../../../../arm-none-eabi/lib/thumb/v6-m/nofp\libc_nano.a(lib_a-nano-mallocr.o)
 .text._malloc_r
                0x00000000080049c8       0xec c:/st/stm32cubeide_1.10.1/stm32cubeide/plugins/com.st.stm32cube.ide.mcu.externaltools.gnu-tools-for-stm32.10.3-2021.10.win32_1.0.0.202111181127/tools/bin/../lib/gcc/arm-none-eabi/10.3.1/../../../../arm-none-eabi/lib/thumb/v6-m/nofp\libc_nano.a(lib_a-nano-mallocr.o)
                0x00000000080049c8                _malloc_r
 .text._realloc_r
                0x0000000008004ab4       0x5e c:/st/stm32cubeide_1.10.1/stm32cubeide/plugins/com.st.stm32cube.ide.mcu.externaltools.gnu-tools-for-stm32.10.3-2021.10.win32_1.0.0.202111181127/tools/bin/../lib/gcc/arm-none-eabi/10.3.1/../../../../arm-none-eabi/lib/thumb/v6-m/nofp\libc_nano.a(lib_a-nano-reallocr.o)
                0x0000000008004ab4                _realloc_r
 *fill*         0x0000000008004b12        0x2 
 .text._sbrk_r  0x0000000008004b14       0x24 c:/st/stm32cubeide_1.10.1/stm32cubeide/plugins/com.st.stm32cube.ide.mcu.externaltools.gnu-tools-for-stm32.10.3-2021.10.win32_1.0.0.202111181127/tools/bin/../lib/gcc/arm-none-eabi/10.3.1/../../../../arm-none-eabi/lib/thumb/v6-m/nofp\libc_nano.a(lib_a-sbrkr.o)
                0x0000000008004b14                _sbrk_r
 .text.__malloc_lock
                0x0000000008004b38       0x10 c:/st/stm32cubeide_1.10.1/stm32cubeide/plugins/com.st.stm32cube.ide.mcu.externaltools.gnu-tools-for-stm32.10.3-2021.10.win32_1.0.0.202111181127/tools/bin/../lib/gcc/arm-none-eabi/10.3.1/../../../../arm-none-eabi/lib/thumb/v6-m/nofp\libc_nano.a(lib_a-mlock.o)
                0x0000000008004b38                __malloc_lock
 .text.__malloc_unlock
                0x0000000008004b48       0x10 c:/st/stm32cubeide_1.10.1/stm32cubeide/plugins/com.st.stm32cube.ide.mcu.externaltools.gnu-tools-for-stm32.10.3-2021.10.win32_1.0.0.202111181127/tools/bin/../lib/gcc/arm-none-eabi/10.3.1/../../../../arm-none-eabi/lib/thumb/v6-m/nofp\libc_nano.a(lib_a-mlock.o)
                0x0000000008004b48                __malloc_unlock
 .text._malloc_usable_size_r
                0x0000000008004b58       0x10 c:/st/stm32cubeide_1.10.1/stm32cubeide/plugins/com.st.stm32cube.ide.mcu.externaltools.gnu-tools-for-stm32.10.3-2021.10.win32_1.0.0.202111181127/tools/bin/../lib/gcc/arm-none-eabi/10.3.1/../../../../arm-none-eabi/lib/thumb/v6-m/nofp\libc_nano.a(lib_a-nano-msizer.o)
                0x0000000008004b58                _malloc_usable_size_r
 .text.__retarget_lock_acquire_recursive
                0x0000000008004b68        0x2 c:/st/stm32cubeide_1.10.1/stm32cubeide/plugins/com.st.stm32cube.ide.mcu.externaltools.gnu-tools-for-stm32.10.3-2021.10.win32_1.0.0.202111181127/tools/bin/../lib/gcc/arm-none-eabi/10.3.1/../../../../arm-none-eabi/lib/thumb/v6-m/nofp\libc_nano.a(lib_a-lock.o)
                0x0000000008004b68                __retarget_lock_acquire_recursive
 .text.__retarget_lock_release_recursive
                0x0000000008004b6a        0x2 c:/st/stm32cubeide_1.10.1/stm32cubeide/plugins/com.st.stm32cube.ide.mcu.externaltools.gnu-tools-for-stm32.10.3-2021.10.win32_1.0.0.202111181127/tools/bin/../lib/gcc/arm-none-eabi/10.3.1/../../../../arm-none-eabi/lib/thumb/v6-m/nofp\libc_nano.a(lib_a-lock.o)
                0x0000000008004b6a                __retarget_lock_release_recursive
 *(.glue_7)
 .glue_7        0x0000000008004b6c        0x0 linker stubs
 *(.glue_7t)
 .glue_7t       0x0000000008004b6c        0x0 linker stubs
 *(.eh_frame)
 .eh_frame      0x0000000008004b6c        0x0 c:/st/stm32cubeide_1.10.1/stm32cubeide/plugins/com.st.stm32cube.ide.mcu.externaltools.gnu-tools-for-stm32.10.3-2021.10.win32_1.0.0.202111181127/tools/bin/../lib/gcc/arm-none-eabi/10.3.1/thumb/v6-m/nofp/crtbegin.o
 *(.init)
 .init          0x0000000008004b6c        0x4 c:/st/stm32cubeide_1.10.1/stm32cubeide/plugins/com.st.stm32cube.ide.mcu.externaltools.gnu-tools-for-stm32.10.3-2021.10.win32_1.0.0.202111181127/tools/bin/../lib/gcc/arm-none-eabi/10.3.1/thumb/v6-m/nofp/crti.o
                0x0000000008004b6c                _init
 .init          0x0000000008004b70        0x8 c:/st/stm32cubeide_1.10.1/stm32cubeide/plugins/com.st.stm32cube.ide.mcu.externaltools.gnu-tools-for-stm32.10.3-2021.10.win32_1.0.0.202111181127/tools/bin/../lib/gcc/arm-none-eabi/10.3.1/thumb/v6-m/nofp/crtn.o
 *(.fini)
 .fini          0x0000000008004b78        0x4 c:/st/stm32cubeide_1.10.1/stm32cubeide/plugins/com.st.stm32cube.ide.mcu.externaltools.gnu-tools-for-stm32.10.3-2021.10.win32_1.0.0.202111181127/tools/bin/../lib/gcc/arm-none-eabi/10.3.1/thumb/v6-m/nofp/crti.o
                0x0000000008004b78                _fini
 .fini          0x0000000008004b7c        0x8 c:/st/stm32cubeide_1.10.1/stm32cubeide/plugins/com.st.stm32cube.ide.mcu.externaltools.gnu-tools-for-stm32.10.3-2021.10.win32_1.0.0.202111181127/tools/bin/../lib/gcc/arm-none-eabi/10.3.1/thumb/v6-m/nofp/crtn.o
                0x0000000008004b84                . = ALIGN (0x4)
                0x0000000008004b84                _etext = .

.vfp11_veneer   0x0000000008004b84        0x0
 .vfp11_veneer  0x0000000008004b84        0x0 linker stubs

.v4_bx          0x0000000008004b84        0x0
 .v4_bx         0x0000000008004b84        0x0 linker stubs

.iplt           0x0000000008004b84        0x0
 .iplt          0x0000000008004b84        0x0 c:/st/stm32cubeide_1.10.1/stm32cubeide/plugins/com.st.stm32cube.ide.mcu.externaltools.gnu-tools-for-stm32.10.3-2021.10.win32_1.0.0.202111181127/tools/bin/../lib/gcc/arm-none-eabi/10.3.1/thumb/v6-m/nofp/crtbegin.o

.rodata         0x0000000008004b84      0x150
                0x0000000008004b84                . = ALIGN (0x4)
 *(.rodata)
 .rodata        0x0000000008004b84       0x65 ./App/Menu/Main_menu.o
 *fill*         0x0000000008004be9        0x3 
 .rodata        0x0000000008004bec       0x5d ./App/Menu/Setting_menu.o
 *fill*         0x0000000008004c49        0x3 
 .rodata        0x0000000008004c4c       0x20 ./Drivers/STM32F0xx_HAL_Driver/Src/stm32f0xx_hal_rcc.o
 *(.rodata*)
 .rodata.CONTROL_Handle
                0x0000000008004c6c       0x14 ./App/Control/Control.o
 .rodata.AHBPrescTable
                0x0000000008004c80       0x10 ./Core/Src/system_stm32f0xx.o
                0x0000000008004c80                AHBPrescTable
 .rodata.key_code
                0x0000000008004c90       0x10 ./Libraries/Keypad.o
                0x0000000008004c90                key_code
 .rodata._svfprintf_r.str1.1
                0x0000000008004ca0       0x11 c:/st/stm32cubeide_1.10.1/stm32cubeide/plugins/com.st.stm32cube.ide.mcu.externaltools.gnu-tools-for-stm32.10.3-2021.10.win32_1.0.0.202111181127/tools/bin/../lib/gcc/arm-none-eabi/10.3.1/../../../../arm-none-eabi/lib/thumb/v6-m/nofp\libc_nano.a(lib_a-nano-svfprintf.o)
 .rodata._printf_i.str1.1
                0x0000000008004cb1       0x22 c:/st/stm32cubeide_1.10.1/stm32cubeide/plugins/com.st.stm32cube.ide.mcu.externaltools.gnu-tools-for-stm32.10.3-2021.10.win32_1.0.0.202111181127/tools/bin/../lib/gcc/arm-none-eabi/10.3.1/../../../../arm-none-eabi/lib/thumb/v6-m/nofp\libc_nano.a(lib_a-nano-vfprintf_i.o)
                0x0000000008004cd4                . = ALIGN (0x4)
 *fill*         0x0000000008004cd3        0x1 

.rel.dyn        0x0000000008004cd4        0x0
 .rel.iplt      0x0000000008004cd4        0x0 c:/st/stm32cubeide_1.10.1/stm32cubeide/plugins/com.st.stm32cube.ide.mcu.externaltools.gnu-tools-for-stm32.10.3-2021.10.win32_1.0.0.202111181127/tools/bin/../lib/gcc/arm-none-eabi/10.3.1/thumb/v6-m/nofp/crtbegin.o

.ARM.extab      0x0000000008004cd4        0x0
                0x0000000008004cd4                . = ALIGN (0x4)
 *(.ARM.extab* .gnu.linkonce.armextab.*)
                0x0000000008004cd4                . = ALIGN (0x4)

.ARM            0x0000000008004cd4        0x0
                0x0000000008004cd4                . = ALIGN (0x4)
                0x0000000008004cd4                __exidx_start = .
 *(.ARM.exidx*)
                0x0000000008004cd4                __exidx_end = .
                0x0000000008004cd4                . = ALIGN (0x4)

.preinit_array  0x0000000008004cd4        0x0
                0x0000000008004cd4                . = ALIGN (0x4)
                0x0000000008004cd4                PROVIDE (__preinit_array_start = .)
 *(.preinit_array*)
                0x0000000008004cd4                PROVIDE (__preinit_array_end = .)
                0x0000000008004cd4                . = ALIGN (0x4)

.init_array     0x0000000008004cd4        0x4
                0x0000000008004cd4                . = ALIGN (0x4)
                0x0000000008004cd4                PROVIDE (__init_array_start = .)
 *(SORT_BY_NAME(.init_array.*))
 *(.init_array*)
 .init_array    0x0000000008004cd4        0x4 c:/st/stm32cubeide_1.10.1/stm32cubeide/plugins/com.st.stm32cube.ide.mcu.externaltools.gnu-tools-for-stm32.10.3-2021.10.win32_1.0.0.202111181127/tools/bin/../lib/gcc/arm-none-eabi/10.3.1/thumb/v6-m/nofp/crtbegin.o
                0x0000000008004cd8                PROVIDE (__init_array_end = .)
                0x0000000008004cd8                . = ALIGN (0x4)

.fini_array     0x0000000008004cd8        0x4
                0x0000000008004cd8                . = ALIGN (0x4)
                [!provide]                        PROVIDE (__fini_array_start = .)
 *(SORT_BY_NAME(.fini_array.*))
 *(.fini_array*)
 .fini_array    0x0000000008004cd8        0x4 c:/st/stm32cubeide_1.10.1/stm32cubeide/plugins/com.st.stm32cube.ide.mcu.externaltools.gnu-tools-for-stm32.10.3-2021.10.win32_1.0.0.202111181127/tools/bin/../lib/gcc/arm-none-eabi/10.3.1/thumb/v6-m/nofp/crtbegin.o
                [!provide]                        PROVIDE (__fini_array_end = .)
                0x0000000008004cdc                . = ALIGN (0x4)
                0x0000000008004cdc                _sidata = LOADADDR (.data)

.data           0x0000000020000000      0x120 load address 0x0000000008004cdc
                0x0000000020000000                . = ALIGN (0x4)
                0x0000000020000000                _sdata = .
 *(.data)
 *(.data*)
 .data.RELAY_Port
                0x0000000020000000       0x14 ./App/Control/Relay.o
 .data.RELAY_Pin
                0x0000000020000014        0xa ./App/Control/Relay.o
 *fill*         0x000000002000001e        0x2 
 .data.SystemCoreClock
                0x0000000020000020        0x4 ./Core/Src/system_stm32f0xx.o
                0x0000000020000020                SystemCoreClock
 .data.uwTickPrio
                0x0000000020000024        0x4 ./Drivers/STM32F0xx_HAL_Driver/Src/stm32f0xx_hal.o
                0x0000000020000024                uwTickPrio
 .data.uwTickFreq
                0x0000000020000028        0x1 ./Drivers/STM32F0xx_HAL_Driver/Src/stm32f0xx_hal.o
                0x0000000020000028                uwTickFreq
 *fill*         0x0000000020000029        0x3 
 .data.Keypad_RowPort
                0x000000002000002c       0x10 ./Libraries/Keypad.o
 .data.Keypad_RowPin
                0x000000002000003c        0x8 ./Libraries/Keypad.o
 .data.Keypad_ColPort
                0x0000000020000044       0x10 ./Libraries/Keypad.o
 .data.Keypad_ColPin
                0x0000000020000054        0x8 ./Libraries/Keypad.o
 .data.__wls_sensor
                0x000000002000005c       0x60 ./Libraries/Water_Level_Sensor.o
 .data._impure_ptr
                0x00000000200000bc        0x4 c:/st/stm32cubeide_1.10.1/stm32cubeide/plugins/com.st.stm32cube.ide.mcu.externaltools.gnu-tools-for-stm32.10.3-2021.10.win32_1.0.0.202111181127/tools/bin/../lib/gcc/arm-none-eabi/10.3.1/../../../../arm-none-eabi/lib/thumb/v6-m/nofp\libc_nano.a(lib_a-impure.o)
                0x00000000200000bc                _impure_ptr
 .data.impure_data
                0x00000000200000c0       0x60 c:/st/stm32cubeide_1.10.1/stm32cubeide/plugins/com.st.stm32cube.ide.mcu.externaltools.gnu-tools-for-stm32.10.3-2021.10.win32_1.0.0.202111181127/tools/bin/../lib/gcc/arm-none-eabi/10.3.1/../../../../arm-none-eabi/lib/thumb/v6-m/nofp\libc_nano.a(lib_a-impure.o)
 *(.RamFunc)
 *(.RamFunc*)
                0x0000000020000120                . = ALIGN (0x4)
                0x0000000020000120                _edata = .

.igot.plt       0x0000000020000120        0x0 load address 0x0000000008004dfc
 .igot.plt      0x0000000020000120        0x0 c:/st/stm32cubeide_1.10.1/stm32cubeide/plugins/com.st.stm32cube.ide.mcu.externaltools.gnu-tools-for-stm32.10.3-2021.10.win32_1.0.0.202111181127/tools/bin/../lib/gcc/arm-none-eabi/10.3.1/thumb/v6-m/nofp/crtbegin.o
                0x0000000020000120                . = ALIGN (0x4)

.bss            0x0000000020000120      0x120 load address 0x0000000008004dfc
                0x0000000020000120                _sbss = .
                0x0000000020000120                __bss_start__ = _sbss
 *(.bss)
 .bss           0x0000000020000120       0x1c c:/st/stm32cubeide_1.10.1/stm32cubeide/plugins/com.st.stm32cube.ide.mcu.externaltools.gnu-tools-for-stm32.10.3-2021.10.win32_1.0.0.202111181127/tools/bin/../lib/gcc/arm-none-eabi/10.3.1/thumb/v6-m/nofp/crtbegin.o
 *(.bss*)
 .bss.CONTROL_Data
                0x000000002000013c        0x8 ./App/Control/Control.o
                0x000000002000013c                CONTROL_Data
 .bss.__last_drum_state
                0x0000000020000144        0x2 ./App/Control/Control.o
 .bss.__last_pool_state
                0x0000000020000146        0x2 ./App/Control/Control.o
 .bss.__auto_mode_timer
                0x0000000020000148        0x4 ./App/Control/Control.o
 .bss.__counter_timer
                0x000000002000014c        0x4 ./App/Control/Control.o
 .bss.__relay_mask
                0x0000000020000150        0x1 ./App/Control/Control.o
 *fill*         0x0000000020000151        0x3 
 .bss.MOTOR_Data
                0x0000000020000154        0x1 ./App/Control/Motor.o
                0x0000000020000154                MOTOR_Data
 *fill*         0x0000000020000155        0x3 
 .bss.RELAY_Data
                0x0000000020000158        0x1 ./App/Control/Relay.o
                0x0000000020000158                RELAY_Data
 *fill*         0x0000000020000159        0x3 
 .bss.FLASH_Data
                0x000000002000015c        0x9 ./App/Data/Flash_data.o
                0x000000002000015c                FLASH_Data
 *fill*         0x0000000020000165        0x3 
 .bss.MENU_Data
                0x0000000020000168        0x8 ./App/Menu/Menu.o
                0x0000000020000168                MENU_Data
 .bss.hlcd      0x0000000020000170        0xc ./App/Menu/Menu.o
 .bss.SETTING_MENU_Data
                0x000000002000017c       0x11 ./App/Menu/Setting_menu.o
                0x000000002000017c                SETTING_MENU_Data
 *fill*         0x000000002000018d        0x3 
 .bss.hds3231   0x0000000020000190        0xc ./App/real_time.o
                0x0000000020000190                hds3231
 .bss.REALTIME_Data
                0x000000002000019c        0x6 ./App/real_time.o
                0x000000002000019c                REALTIME_Data
 *fill*         0x00000000200001a2        0x2 
 .bss.timer     0x00000000200001a4        0x4 ./App/real_time.o
 .bss.is_rtc_connected
                0x00000000200001a8        0x1 ./App/real_time.o
 *fill*         0x00000000200001a9        0x3 
 .bss.hi2c2     0x00000000200001ac       0x4c ./Core/Src/main.o
                0x00000000200001ac                hi2c2
 .bss.__sbrk_heap_end
                0x00000000200001f8        0x4 ./Core/Src/sysmem.o
 .bss.uwTick    0x00000000200001fc        0x4 ./Drivers/STM32F0xx_HAL_Driver/Src/stm32f0xx_hal.o
                0x00000000200001fc                uwTick
 .bss.pFlash    0x0000000020000200       0x20 ./Drivers/STM32F0xx_HAL_Driver/Src/stm32f0xx_hal_flash.o
                0x0000000020000200                pFlash
 .bss.key_current
                0x0000000020000220        0x1 ./Libraries/Keypad.o
 .bss.key_last  0x0000000020000221        0x1 ./Libraries/Keypad.o
 .bss.key_debounce
                0x0000000020000222        0x1 ./Libraries/Keypad.o
 .bss.debouncing
                0x0000000020000223        0x1 ./Libraries/Keypad.o
 .bss.time_debounce
                0x0000000020000224        0x4 ./Libraries/Keypad.o
 .bss.time_start_press
                0x0000000020000228        0x4 ./Libraries/Keypad.o
 .bss.is_press  0x000000002000022c        0x1 ./Libraries/Keypad.o
 .bss.__sensor_normal_state
                0x000000002000022d        0x1 ./Libraries/Water_Level_Sensor.o
 .bss.__sensor_value_mask
                0x000000002000022e        0x1 ./Libraries/Water_Level_Sensor.o
 *fill*         0x000000002000022f        0x1 
 .bss.__malloc_free_list
                0x0000000020000230        0x4 c:/st/stm32cubeide_1.10.1/stm32cubeide/plugins/com.st.stm32cube.ide.mcu.externaltools.gnu-tools-for-stm32.10.3-2021.10.win32_1.0.0.202111181127/tools/bin/../lib/gcc/arm-none-eabi/10.3.1/../../../../arm-none-eabi/lib/thumb/v6-m/nofp\libc_nano.a(lib_a-nano-mallocr.o)
                0x0000000020000230                __malloc_free_list
 .bss.__malloc_sbrk_start
                0x0000000020000234        0x4 c:/st/stm32cubeide_1.10.1/stm32cubeide/plugins/com.st.stm32cube.ide.mcu.externaltools.gnu-tools-for-stm32.10.3-2021.10.win32_1.0.0.202111181127/tools/bin/../lib/gcc/arm-none-eabi/10.3.1/../../../../arm-none-eabi/lib/thumb/v6-m/nofp\libc_nano.a(lib_a-nano-mallocr.o)
                0x0000000020000234                __malloc_sbrk_start
 .bss.errno     0x0000000020000238        0x4 c:/st/stm32cubeide_1.10.1/stm32cubeide/plugins/com.st.stm32cube.ide.mcu.externaltools.gnu-tools-for-stm32.10.3-2021.10.win32_1.0.0.202111181127/tools/bin/../lib/gcc/arm-none-eabi/10.3.1/../../../../arm-none-eabi/lib/thumb/v6-m/nofp\libc_nano.a(lib_a-reent.o)
                0x0000000020000238                errno
 .bss.__lock___malloc_recursive_mutex
                0x000000002000023c        0x1 c:/st/stm32cubeide_1.10.1/stm32cubeide/plugins/com.st.stm32cube.ide.mcu.externaltools.gnu-tools-for-stm32.10.3-2021.10.win32_1.0.0.202111181127/tools/bin/../lib/gcc/arm-none-eabi/10.3.1/../../../../arm-none-eabi/lib/thumb/v6-m/nofp\libc_nano.a(lib_a-lock.o)
                0x000000002000023c                __lock___malloc_recursive_mutex
 *(COMMON)
                0x0000000020000240                . = ALIGN (0x4)
 *fill*         0x000000002000023d        0x3 
                0x0000000020000240                _ebss = .
                0x0000000020000240                __bss_end__ = _ebss

._user_heap_stack
                0x0000000020000240      0x600 load address 0x0000000008004dfc
                0x0000000020000240                . = ALIGN (0x8)
                [!provide]                        PROVIDE (end = .)
                0x0000000020000240                PROVIDE (_end = .)
                0x0000000020000440                . = (. + _Min_Heap_Size)
 *fill*         0x0000000020000240      0x200 
                0x0000000020000840                . = (. + _Min_Stack_Size)
 *fill*         0x0000000020000440      0x400 
                0x0000000020000840                . = ALIGN (0x8)

/DISCARD/
 libc.a(*)
 libm.a(*)
 libgcc.a(*)

.ARM.attributes
                0x0000000000000000       0x28
 *(.ARM.attributes)
 .ARM.attributes
                0x0000000000000000       0x1e c:/st/stm32cubeide_1.10.1/stm32cubeide/plugins/com.st.stm32cube.ide.mcu.externaltools.gnu-tools-for-stm32.10.3-2021.10.win32_1.0.0.202111181127/tools/bin/../lib/gcc/arm-none-eabi/10.3.1/thumb/v6-m/nofp/crti.o
 .ARM.attributes
                0x000000000000001e       0x2c c:/st/stm32cubeide_1.10.1/stm32cubeide/plugins/com.st.stm32cube.ide.mcu.externaltools.gnu-tools-for-stm32.10.3-2021.10.win32_1.0.0.202111181127/tools/bin/../lib/gcc/arm-none-eabi/10.3.1/thumb/v6-m/nofp/crtbegin.o
 .ARM.attributes
                0x000000000000004a       0x2c ./App/Control/Control.o
 .ARM.attributes
                0x0000000000000076       0x2c ./App/Control/Motor.o
 .ARM.attributes
                0x00000000000000a2       0x2c ./App/Control/Relay.o
 .ARM.attributes
                0x00000000000000ce       0x2c ./App/Data/Flash_data.o
 .ARM.attributes
                0x00000000000000fa       0x2c ./App/Menu/Main_menu.o
 .ARM.attributes
                0x0000000000000126       0x2c ./App/Menu/Menu.o
 .ARM.attributes
                0x0000000000000152       0x2c ./App/Menu/Setting_menu.o
 .ARM.attributes
                0x000000000000017e       0x2c ./App/keypad_driver.o
 .ARM.attributes
                0x00000000000001aa       0x2c ./App/real_time.o
 .ARM.attributes
                0x00000000000001d6       0x2c ./Core/Src/main.o
 .ARM.attributes
                0x0000000000000202       0x2c ./Core/Src/stm32f0xx_hal_msp.o
 .ARM.attributes
                0x000000000000022e       0x2c ./Core/Src/stm32f0xx_it.o
 .ARM.attributes
                0x000000000000025a       0x2c ./Core/Src/sysmem.o
 .ARM.attributes
                0x0000000000000286       0x2c ./Core/Src/system_stm32f0xx.o
 .ARM.attributes
                0x00000000000002b2       0x21 ./Core/Startup/startup_stm32f030c8tx.o
 .ARM.attributes
                0x00000000000002d3       0x2c ./Drivers/STM32F0xx_HAL_Driver/Src/stm32f0xx_hal.o
 .ARM.attributes
                0x00000000000002ff       0x2c ./Drivers/STM32F0xx_HAL_Driver/Src/stm32f0xx_hal_cortex.o
 .ARM.attributes
                0x000000000000032b       0x2c ./Drivers/STM32F0xx_HAL_Driver/Src/stm32f0xx_hal_flash.o
 .ARM.attributes
                0x0000000000000357       0x2c ./Drivers/STM32F0xx_HAL_Driver/Src/stm32f0xx_hal_flash_ex.o
 .ARM.attributes
                0x0000000000000383       0x2c ./Drivers/STM32F0xx_HAL_Driver/Src/stm32f0xx_hal_gpio.o
 .ARM.attributes
                0x00000000000003af       0x2c ./Drivers/STM32F0xx_HAL_Driver/Src/stm32f0xx_hal_i2c.o
 .ARM.attributes
                0x00000000000003db       0x2c ./Drivers/STM32F0xx_HAL_Driver/Src/stm32f0xx_hal_i2c_ex.o
 .ARM.attributes
                0x0000000000000407       0x2c ./Drivers/STM32F0xx_HAL_Driver/Src/stm32f0xx_hal_rcc.o
 .ARM.attributes
                0x0000000000000433       0x2c ./Libraries/DS3231.o
 .ARM.attributes
                0x000000000000045f       0x2c ./Libraries/Keypad.o
 .ARM.attributes
                0x000000000000048b       0x2c ./Libraries/LCD_I2C.o
 .ARM.attributes
                0x00000000000004b7       0x2c ./Libraries/Water_Level_Sensor.o
 .ARM.attributes
                0x00000000000004e3       0x2c ./Libraries/flash.o
 .ARM.attributes
                0x000000000000050f       0x2c c:/st/stm32cubeide_1.10.1/stm32cubeide/plugins/com.st.stm32cube.ide.mcu.externaltools.gnu-tools-for-stm32.10.3-2021.10.win32_1.0.0.202111181127/tools/bin/../lib/gcc/arm-none-eabi/10.3.1/../../../../arm-none-eabi/lib/thumb/v6-m/nofp\libc_nano.a(lib_a-errno.o)
 .ARM.attributes
                0x000000000000053b       0x2c c:/st/stm32cubeide_1.10.1/stm32cubeide/plugins/com.st.stm32cube.ide.mcu.externaltools.gnu-tools-for-stm32.10.3-2021.10.win32_1.0.0.202111181127/tools/bin/../lib/gcc/arm-none-eabi/10.3.1/../../../../arm-none-eabi/lib/thumb/v6-m/nofp\libc_nano.a(lib_a-impure.o)
 .ARM.attributes
                0x0000000000000567       0x2c c:/st/stm32cubeide_1.10.1/stm32cubeide/plugins/com.st.stm32cube.ide.mcu.externaltools.gnu-tools-for-stm32.10.3-2021.10.win32_1.0.0.202111181127/tools/bin/../lib/gcc/arm-none-eabi/10.3.1/../../../../arm-none-eabi/lib/thumb/v6-m/nofp\libc_nano.a(lib_a-init.o)
 .ARM.attributes
                0x0000000000000593       0x2c c:/st/stm32cubeide_1.10.1/stm32cubeide/plugins/com.st.stm32cube.ide.mcu.externaltools.gnu-tools-for-stm32.10.3-2021.10.win32_1.0.0.202111181127/tools/bin/../lib/gcc/arm-none-eabi/10.3.1/../../../../arm-none-eabi/lib/thumb/v6-m/nofp\libc_nano.a(lib_a-memcpy-stub.o)
 .ARM.attributes
                0x00000000000005bf       0x2c c:/st/stm32cubeide_1.10.1/stm32cubeide/plugins/com.st.stm32cube.ide.mcu.externaltools.gnu-tools-for-stm32.10.3-2021.10.win32_1.0.0.202111181127/tools/bin/../lib/gcc/arm-none-eabi/10.3.1/../../../../arm-none-eabi/lib/thumb/v6-m/nofp\libc_nano.a(lib_a-memset.o)
 .ARM.attributes
                0x00000000000005eb       0x1c c:/st/stm32cubeide_1.10.1/stm32cubeide/plugins/com.st.stm32cube.ide.mcu.externaltools.gnu-tools-for-stm32.10.3-2021.10.win32_1.0.0.202111181127/tools/bin/../lib/gcc/arm-none-eabi/10.3.1/../../../../arm-none-eabi/lib/thumb/v6-m/nofp\libc_nano.a(lib_a-strlen.o)
 .ARM.attributes
                0x0000000000000607       0x2c c:/st/stm32cubeide_1.10.1/stm32cubeide/plugins/com.st.stm32cube.ide.mcu.externaltools.gnu-tools-for-stm32.10.3-2021.10.win32_1.0.0.202111181127/tools/bin/../lib/gcc/arm-none-eabi/10.3.1/../../../../arm-none-eabi/lib/thumb/v6-m/nofp\libc_nano.a(lib_a-vsprintf.o)
 .ARM.attributes
                0x0000000000000633       0x2c c:/st/stm32cubeide_1.10.1/stm32cubeide/plugins/com.st.stm32cube.ide.mcu.externaltools.gnu-tools-for-stm32.10.3-2021.10.win32_1.0.0.202111181127/tools/bin/../lib/gcc/arm-none-eabi/10.3.1/../../../../arm-none-eabi/lib/thumb/v6-m/nofp\libc_nano.a(lib_a-nano-svfprintf.o)
 .ARM.attributes
                0x000000000000065f       0x2c c:/st/stm32cubeide_1.10.1/stm32cubeide/plugins/com.st.stm32cube.ide.mcu.externaltools.gnu-tools-for-stm32.10.3-2021.10.win32_1.0.0.202111181127/tools/bin/../lib/gcc/arm-none-eabi/10.3.1/../../../../arm-none-eabi/lib/thumb/v6-m/nofp\libc_nano.a(lib_a-nano-vfprintf_i.o)
 .ARM.attributes
                0x000000000000068b       0x2c c:/st/stm32cubeide_1.10.1/stm32cubeide/plugins/com.st.stm32cube.ide.mcu.externaltools.gnu-tools-for-stm32.10.3-2021.10.win32_1.0.0.202111181127/tools/bin/../lib/gcc/arm-none-eabi/10.3.1/../../../../arm-none-eabi/lib/thumb/v6-m/nofp\libc_nano.a(lib_a-memchr-stub.o)
 .ARM.attributes
                0x00000000000006b7       0x2c c:/st/stm32cubeide_1.10.1/stm32cubeide/plugins/com.st.stm32cube.ide.mcu.externaltools.gnu-tools-for-stm32.10.3-2021.10.win32_1.0.0.202111181127/tools/bin/../lib/gcc/arm-none-eabi/10.3.1/../../../../arm-none-eabi/lib/thumb/v6-m/nofp\libc_nano.a(lib_a-memmove.o)
 .ARM.attributes
                0x00000000000006e3       0x2c c:/st/stm32cubeide_1.10.1/stm32cubeide/plugins/com.st.stm32cube.ide.mcu.externaltools.gnu-tools-for-stm32.10.3-2021.10.win32_1.0.0.202111181127/tools/bin/../lib/gcc/arm-none-eabi/10.3.1/../../../../arm-none-eabi/lib/thumb/v6-m/nofp\libc_nano.a(lib_a-nano-freer.o)
 .ARM.attributes
                0x000000000000070f       0x2c c:/st/stm32cubeide_1.10.1/stm32cubeide/plugins/com.st.stm32cube.ide.mcu.externaltools.gnu-tools-for-stm32.10.3-2021.10.win32_1.0.0.202111181127/tools/bin/../lib/gcc/arm-none-eabi/10.3.1/../../../../arm-none-eabi/lib/thumb/v6-m/nofp\libc_nano.a(lib_a-nano-mallocr.o)
 .ARM.attributes
                0x000000000000073b       0x2c c:/st/stm32cubeide_1.10.1/stm32cubeide/plugins/com.st.stm32cube.ide.mcu.externaltools.gnu-tools-for-stm32.10.3-2021.10.win32_1.0.0.202111181127/tools/bin/../lib/gcc/arm-none-eabi/10.3.1/../../../../arm-none-eabi/lib/thumb/v6-m/nofp\libc_nano.a(lib_a-nano-reallocr.o)
 .ARM.attributes
                0x0000000000000767       0x2c c:/st/stm32cubeide_1.10.1/stm32cubeide/plugins/com.st.stm32cube.ide.mcu.externaltools.gnu-tools-for-stm32.10.3-2021.10.win32_1.0.0.202111181127/tools/bin/../lib/gcc/arm-none-eabi/10.3.1/../../../../arm-none-eabi/lib/thumb/v6-m/nofp\libc_nano.a(lib_a-sbrkr.o)
 .ARM.attributes
                0x0000000000000793       0x2c c:/st/stm32cubeide_1.10.1/stm32cubeide/plugins/com.st.stm32cube.ide.mcu.externaltools.gnu-tools-for-stm32.10.3-2021.10.win32_1.0.0.202111181127/tools/bin/../lib/gcc/arm-none-eabi/10.3.1/../../../../arm-none-eabi/lib/thumb/v6-m/nofp\libc_nano.a(lib_a-mlock.o)
 .ARM.attributes
                0x00000000000007bf       0x2c c:/st/stm32cubeide_1.10.1/stm32cubeide/plugins/com.st.stm32cube.ide.mcu.externaltools.gnu-tools-for-stm32.10.3-2021.10.win32_1.0.0.202111181127/tools/bin/../lib/gcc/arm-none-eabi/10.3.1/../../../../arm-none-eabi/lib/thumb/v6-m/nofp\libc_nano.a(lib_a-nano-msizer.o)
 .ARM.attributes
                0x00000000000007eb       0x2c c:/st/stm32cubeide_1.10.1/stm32cubeide/plugins/com.st.stm32cube.ide.mcu.externaltools.gnu-tools-for-stm32.10.3-2021.10.win32_1.0.0.202111181127/tools/bin/../lib/gcc/arm-none-eabi/10.3.1/../../../../arm-none-eabi/lib/thumb/v6-m/nofp\libc_nano.a(lib_a-reent.o)
 .ARM.attributes
                0x0000000000000817       0x2c c:/st/stm32cubeide_1.10.1/stm32cubeide/plugins/com.st.stm32cube.ide.mcu.externaltools.gnu-tools-for-stm32.10.3-2021.10.win32_1.0.0.202111181127/tools/bin/../lib/gcc/arm-none-eabi/10.3.1/../../../../arm-none-eabi/lib/thumb/v6-m/nofp\libc_nano.a(lib_a-lock.o)
 .ARM.attributes
                0x0000000000000843       0x1e c:/st/stm32cubeide_1.10.1/stm32cubeide/plugins/com.st.stm32cube.ide.mcu.externaltools.gnu-tools-for-stm32.10.3-2021.10.win32_1.0.0.202111181127/tools/bin/../lib/gcc/arm-none-eabi/10.3.1/thumb/v6-m/nofp\libgcc.a(_thumb1_case_shi.o)
 .ARM.attributes
                0x0000000000000861       0x1e c:/st/stm32cubeide_1.10.1/stm32cubeide/plugins/com.st.stm32cube.ide.mcu.externaltools.gnu-tools-for-stm32.10.3-2021.10.win32_1.0.0.202111181127/tools/bin/../lib/gcc/arm-none-eabi/10.3.1/thumb/v6-m/nofp\libgcc.a(_udivsi3.o)
 .ARM.attributes
                0x000000000000087f       0x1e c:/st/stm32cubeide_1.10.1/stm32cubeide/plugins/com.st.stm32cube.ide.mcu.externaltools.gnu-tools-for-stm32.10.3-2021.10.win32_1.0.0.202111181127/tools/bin/../lib/gcc/arm-none-eabi/10.3.1/thumb/v6-m/nofp\libgcc.a(_dvmd_tls.o)
 .ARM.attributes
                0x000000000000089d       0x1e c:/st/stm32cubeide_1.10.1/stm32cubeide/plugins/com.st.stm32cube.ide.mcu.externaltools.gnu-tools-for-stm32.10.3-2021.10.win32_1.0.0.202111181127/tools/bin/../lib/gcc/arm-none-eabi/10.3.1/thumb/v6-m/nofp/crtn.o
OUTPUT(Water_Filter_Machine_1.0.elf elf32-littlearm)
LOAD linker stubs
LOAD c:/st/stm32cubeide_1.10.1/stm32cubeide/plugins/com.st.stm32cube.ide.mcu.externaltools.gnu-tools-for-stm32.10.3-2021.10.win32_1.0.0.202111181127/tools/bin/../lib/gcc/arm-none-eabi/10.3.1/../../../../arm-none-eabi/lib/thumb/v6-m/nofp\libc.a
LOAD c:/st/stm32cubeide_1.10.1/stm32cubeide/plugins/com.st.stm32cube.ide.mcu.externaltools.gnu-tools-for-stm32.10.3-2021.10.win32_1.0.0.202111181127/tools/bin/../lib/gcc/arm-none-eabi/10.3.1/../../../../arm-none-eabi/lib/thumb/v6-m/nofp\libm.a
LOAD c:/st/stm32cubeide_1.10.1/stm32cubeide/plugins/com.st.stm32cube.ide.mcu.externaltools.gnu-tools-for-stm32.10.3-2021.10.win32_1.0.0.202111181127/tools/bin/../lib/gcc/arm-none-eabi/10.3.1/thumb/v6-m/nofp\libgcc.a

.debug_info     0x0000000000000000     0xc7d3
 .debug_info    0x0000000000000000      0xac6 ./App/Control/Control.o
 .debug_info    0x0000000000000ac6      0x261 ./App/Control/Motor.o
 .debug_info    0x0000000000000d27      0x2c9 ./App/Control/Relay.o
 .debug_info    0x0000000000000ff0      0x1d2 ./App/Data/Flash_data.o
 .debug_info    0x00000000000011c2      0x974 ./App/Menu/Main_menu.o
 .debug_info    0x0000000000001b36      0x793 ./App/Menu/Menu.o
 .debug_info    0x00000000000022c9      0x9c6 ./App/Menu/Setting_menu.o
 .debug_info    0x0000000000002c8f      0x74f ./App/keypad_driver.o
 .debug_info    0x00000000000033de      0x96a ./App/real_time.o
 .debug_info    0x0000000000003d48      0xba9 ./Core/Src/main.o
 .debug_info    0x00000000000048f1      0x8fa ./Core/Src/stm32f0xx_hal_msp.o
 .debug_info    0x00000000000051eb       0xda ./Core/Src/stm32f0xx_it.o
 .debug_info    0x00000000000052c5      0x171 ./Core/Src/sysmem.o
 .debug_info    0x0000000000005436      0x269 ./Core/Src/system_stm32f0xx.o
 .debug_info    0x000000000000569f       0x22 ./Core/Startup/startup_stm32f030c8tx.o
 .debug_info    0x00000000000056c1      0x6bb ./Drivers/STM32F0xx_HAL_Driver/Src/stm32f0xx_hal.o
 .debug_info    0x0000000000005d7c      0x6f9 ./Drivers/STM32F0xx_HAL_Driver/Src/stm32f0xx_hal_cortex.o
 .debug_info    0x0000000000006475      0x532 ./Drivers/STM32F0xx_HAL_Driver/Src/stm32f0xx_hal_flash.o
 .debug_info    0x00000000000069a7      0x734 ./Drivers/STM32F0xx_HAL_Driver/Src/stm32f0xx_hal_flash_ex.o
 .debug_info    0x00000000000070db      0x613 ./Drivers/STM32F0xx_HAL_Driver/Src/stm32f0xx_hal_gpio.o
 .debug_info    0x00000000000076ee     0x2149 ./Drivers/STM32F0xx_HAL_Driver/Src/stm32f0xx_hal_i2c.o
 .debug_info    0x0000000000009837      0x845 ./Drivers/STM32F0xx_HAL_Driver/Src/stm32f0xx_hal_i2c_ex.o
 .debug_info    0x000000000000a07c      0x888 ./Drivers/STM32F0xx_HAL_Driver/Src/stm32f0xx_hal_rcc.o
 .debug_info    0x000000000000a904      0x8f8 ./Libraries/DS3231.o
 .debug_info    0x000000000000b1fc      0x47d ./Libraries/Keypad.o
 .debug_info    0x000000000000b679      0xb1c ./Libraries/LCD_I2C.o
 .debug_info    0x000000000000c195      0x370 ./Libraries/Water_Level_Sensor.o
 .debug_info    0x000000000000c505      0x2ce ./Libraries/flash.o

.debug_abbrev   0x0000000000000000     0x2f46
 .debug_abbrev  0x0000000000000000      0x1f7 ./App/Control/Control.o
 .debug_abbrev  0x00000000000001f7      0x148 ./App/Control/Motor.o
 .debug_abbrev  0x000000000000033f      0x17e ./App/Control/Relay.o
 .debug_abbrev  0x00000000000004bd      0x12e ./App/Data/Flash_data.o
 .debug_abbrev  0x00000000000005eb      0x1a1 ./App/Menu/Main_menu.o
 .debug_abbrev  0x000000000000078c      0x184 ./App/Menu/Menu.o
 .debug_abbrev  0x0000000000000910      0x225 ./App/Menu/Setting_menu.o
 .debug_abbrev  0x0000000000000b35      0x1a2 ./App/keypad_driver.o
 .debug_abbrev  0x0000000000000cd7      0x1f2 ./App/real_time.o
 .debug_abbrev  0x0000000000000ec9      0x26e ./Core/Src/main.o
 .debug_abbrev  0x0000000000001137      0x19f ./Core/Src/stm32f0xx_hal_msp.o
 .debug_abbrev  0x00000000000012d6       0x74 ./Core/Src/stm32f0xx_it.o
 .debug_abbrev  0x000000000000134a       0xbb ./Core/Src/sysmem.o
 .debug_abbrev  0x0000000000001405      0x116 ./Core/Src/system_stm32f0xx.o
 .debug_abbrev  0x000000000000151b       0x12 ./Core/Startup/startup_stm32f030c8tx.o
 .debug_abbrev  0x000000000000152d      0x23f ./Drivers/STM32F0xx_HAL_Driver/Src/stm32f0xx_hal.o
 .debug_abbrev  0x000000000000176c      0x283 ./Drivers/STM32F0xx_HAL_Driver/Src/stm32f0xx_hal_cortex.o
 .debug_abbrev  0x00000000000019ef      0x221 ./Drivers/STM32F0xx_HAL_Driver/Src/stm32f0xx_hal_flash.o
 .debug_abbrev  0x0000000000001c10      0x20a ./Drivers/STM32F0xx_HAL_Driver/Src/stm32f0xx_hal_flash_ex.o
 .debug_abbrev  0x0000000000001e1a      0x1bb ./Drivers/STM32F0xx_HAL_Driver/Src/stm32f0xx_hal_gpio.o
 .debug_abbrev  0x0000000000001fd5      0x254 ./Drivers/STM32F0xx_HAL_Driver/Src/stm32f0xx_hal_i2c.o
 .debug_abbrev  0x0000000000002229      0x1c1 ./Drivers/STM32F0xx_HAL_Driver/Src/stm32f0xx_hal_i2c_ex.o
 .debug_abbrev  0x00000000000023ea      0x283 ./Drivers/STM32F0xx_HAL_Driver/Src/stm32f0xx_hal_rcc.o
 .debug_abbrev  0x000000000000266d      0x1e3 ./Libraries/DS3231.o
 .debug_abbrev  0x0000000000002850      0x20a ./Libraries/Keypad.o
 .debug_abbrev  0x0000000000002a5a      0x20c ./Libraries/LCD_I2C.o
 .debug_abbrev  0x0000000000002c66      0x18d ./Libraries/Water_Level_Sensor.o
 .debug_abbrev  0x0000000000002df3      0x153 ./Libraries/flash.o

.debug_aranges  0x0000000000000000      0xaf0
 .debug_aranges
                0x0000000000000000       0x40 ./App/Control/Control.o
 .debug_aranges
                0x0000000000000040       0x30 ./App/Control/Motor.o
 .debug_aranges
                0x0000000000000070       0x38 ./App/Control/Relay.o
 .debug_aranges
                0x00000000000000a8       0x38 ./App/Data/Flash_data.o
 .debug_aranges
                0x00000000000000e0       0x30 ./App/Menu/Main_menu.o
 .debug_aranges
                0x0000000000000110       0x28 ./App/Menu/Menu.o
 .debug_aranges
                0x0000000000000138       0x40 ./App/Menu/Setting_menu.o
 .debug_aranges
                0x0000000000000178       0x28 ./App/keypad_driver.o
 .debug_aranges
                0x00000000000001a0       0x38 ./App/real_time.o
 .debug_aranges
                0x00000000000001d8       0x40 ./Core/Src/main.o
 .debug_aranges
                0x0000000000000218       0x30 ./Core/Src/stm32f0xx_hal_msp.o
 .debug_aranges
                0x0000000000000248       0x40 ./Core/Src/stm32f0xx_it.o
 .debug_aranges
                0x0000000000000288       0x20 ./Core/Src/sysmem.o
 .debug_aranges
                0x00000000000002a8       0x28 ./Core/Src/system_stm32f0xx.o
 .debug_aranges
                0x00000000000002d0       0x28 ./Core/Startup/startup_stm32f030c8tx.o
 .debug_aranges
                0x00000000000002f8       0xd0 ./Drivers/STM32F0xx_HAL_Driver/Src/stm32f0xx_hal.o
 .debug_aranges
                0x00000000000003c8       0xc0 ./Drivers/STM32F0xx_HAL_Driver/Src/stm32f0xx_hal_cortex.o
 .debug_aranges
                0x0000000000000488       0x88 ./Drivers/STM32F0xx_HAL_Driver/Src/stm32f0xx_hal_flash.o
 .debug_aranges
                0x0000000000000510       0x98 ./Drivers/STM32F0xx_HAL_Driver/Src/stm32f0xx_hal_flash_ex.o
 .debug_aranges
                0x00000000000005a8       0x58 ./Drivers/STM32F0xx_HAL_Driver/Src/stm32f0xx_hal_gpio.o
 .debug_aranges
                0x0000000000000600      0x290 ./Drivers/STM32F0xx_HAL_Driver/Src/stm32f0xx_hal_i2c.o
 .debug_aranges
                0x0000000000000890       0x38 ./Drivers/STM32F0xx_HAL_Driver/Src/stm32f0xx_hal_i2c_ex.o
 .debug_aranges
                0x00000000000008c8       0x80 ./Drivers/STM32F0xx_HAL_Driver/Src/stm32f0xx_hal_rcc.o
 .debug_aranges
                0x0000000000000948       0x50 ./Libraries/DS3231.o
 .debug_aranges
                0x0000000000000998       0x68 ./Libraries/Keypad.o
 .debug_aranges
                0x0000000000000a00       0x90 ./Libraries/LCD_I2C.o
 .debug_aranges
                0x0000000000000a90       0x30 ./Libraries/Water_Level_Sensor.o
 .debug_aranges
                0x0000000000000ac0       0x30 ./Libraries/flash.o

.debug_ranges   0x0000000000000000      0x980
 .debug_ranges  0x0000000000000000       0x60 ./App/Control/Control.o
 .debug_ranges  0x0000000000000060       0x20 ./App/Control/Motor.o
 .debug_ranges  0x0000000000000080       0x28 ./App/Control/Relay.o
 .debug_ranges  0x00000000000000a8       0x28 ./App/Data/Flash_data.o
 .debug_ranges  0x00000000000000d0       0x20 ./App/Menu/Main_menu.o
 .debug_ranges  0x00000000000000f0       0x18 ./App/Menu/Menu.o
 .debug_ranges  0x0000000000000108       0x48 ./App/Menu/Setting_menu.o
 .debug_ranges  0x0000000000000150       0x18 ./App/keypad_driver.o
 .debug_ranges  0x0000000000000168       0x28 ./App/real_time.o
 .debug_ranges  0x0000000000000190       0x30 ./Core/Src/main.o
 .debug_ranges  0x00000000000001c0       0x20 ./Core/Src/stm32f0xx_hal_msp.o
 .debug_ranges  0x00000000000001e0       0x30 ./Core/Src/stm32f0xx_it.o
 .debug_ranges  0x0000000000000210       0x10 ./Core/Src/sysmem.o
 .debug_ranges  0x0000000000000220       0x18 ./Core/Src/system_stm32f0xx.o
 .debug_ranges  0x0000000000000238       0x20 ./Core/Startup/startup_stm32f030c8tx.o
 .debug_ranges  0x0000000000000258       0xc0 ./Drivers/STM32F0xx_HAL_Driver/Src/stm32f0xx_hal.o
 .debug_ranges  0x0000000000000318       0xb0 ./Drivers/STM32F0xx_HAL_Driver/Src/stm32f0xx_hal_cortex.o
 .debug_ranges  0x00000000000003c8       0x78 ./Drivers/STM32F0xx_HAL_Driver/Src/stm32f0xx_hal_flash.o
 .debug_ranges  0x0000000000000440       0x88 ./Drivers/STM32F0xx_HAL_Driver/Src/stm32f0xx_hal_flash_ex.o
 .debug_ranges  0x00000000000004c8       0x48 ./Drivers/STM32F0xx_HAL_Driver/Src/stm32f0xx_hal_gpio.o
 .debug_ranges  0x0000000000000510      0x280 ./Drivers/STM32F0xx_HAL_Driver/Src/stm32f0xx_hal_i2c.o
 .debug_ranges  0x0000000000000790       0x28 ./Drivers/STM32F0xx_HAL_Driver/Src/stm32f0xx_hal_i2c_ex.o
 .debug_ranges  0x00000000000007b8       0x70 ./Drivers/STM32F0xx_HAL_Driver/Src/stm32f0xx_hal_rcc.o
 .debug_ranges  0x0000000000000828       0x40 ./Libraries/DS3231.o
 .debug_ranges  0x0000000000000868       0x58 ./Libraries/Keypad.o
 .debug_ranges  0x00000000000008c0       0x80 ./Libraries/LCD_I2C.o
 .debug_ranges  0x0000000000000940       0x20 ./Libraries/Water_Level_Sensor.o
 .debug_ranges  0x0000000000000960       0x20 ./Libraries/flash.o

.debug_macro    0x0000000000000000    0x11d9a
 .debug_macro   0x0000000000000000      0x3a5 ./App/Control/Control.o
 .debug_macro   0x00000000000003a5      0xa4e ./App/Control/Control.o
 .debug_macro   0x0000000000000df3       0x22 ./App/Control/Control.o
 .debug_macro   0x0000000000000e15       0x8e ./App/Control/Control.o
 .debug_macro   0x0000000000000ea3       0x51 ./App/Control/Control.o
 .debug_macro   0x0000000000000ef4      0x103 ./App/Control/Control.o
 .debug_macro   0x0000000000000ff7       0x6a ./App/Control/Control.o
 .debug_macro   0x0000000000001061      0x1df ./App/Control/Control.o
 .debug_macro   0x0000000000001240      0x127 ./App/Control/Control.o
 .debug_macro   0x0000000000001367       0x2e ./App/Control/Control.o
 .debug_macro   0x0000000000001395       0x22 ./App/Control/Control.o
 .debug_macro   0x00000000000013b7       0x1c ./App/Control/Control.o
 .debug_macro   0x00000000000013d3       0x22 ./App/Control/Control.o
 .debug_macro   0x00000000000013f5       0xaf ./App/Control/Control.o
 .debug_macro   0x00000000000014a4      0x391 ./App/Control/Control.o
 .debug_macro   0x0000000000001835     0x6f40 ./App/Control/Control.o
 .debug_macro   0x0000000000008775       0x66 ./App/Control/Control.o
 .debug_macro   0x00000000000087db     0x34a6 ./App/Control/Control.o
 .debug_macro   0x000000000000bc81      0x174 ./App/Control/Control.o
 .debug_macro   0x000000000000bdf5       0x55 ./App/Control/Control.o
 .debug_macro   0x000000000000be4a      0x924 ./App/Control/Control.o
 .debug_macro   0x000000000000c76e      0x17f ./App/Control/Control.o
 .debug_macro   0x000000000000c8ed      0x1af ./App/Control/Control.o
 .debug_macro   0x000000000000ca9c       0xd9 ./App/Control/Control.o
 .debug_macro   0x000000000000cb75      0x1a0 ./App/Control/Control.o
 .debug_macro   0x000000000000cd15      0x1ed ./App/Control/Control.o
 .debug_macro   0x000000000000cf02       0x34 ./App/Control/Control.o
 .debug_macro   0x000000000000cf36       0x43 ./App/Control/Control.o
 .debug_macro   0x000000000000cf79       0x28 ./App/Control/Control.o
 .debug_macro   0x000000000000cfa1       0xb0 ./App/Control/Control.o
 .debug_macro   0x000000000000d051      0x199 ./App/Control/Control.o
 .debug_macro   0x000000000000d1ea      0x22c ./App/Control/Control.o
 .debug_macro   0x000000000000d416       0x61 ./App/Control/Control.o
 .debug_macro   0x000000000000d477       0xa5 ./App/Control/Control.o
 .debug_macro   0x000000000000d51c       0x4c ./App/Control/Control.o
 .debug_macro   0x000000000000d568       0x2b ./App/Control/Control.o
 .debug_macro   0x000000000000d593       0xff ./App/Control/Control.o
 .debug_macro   0x000000000000d692       0x58 ./App/Control/Control.o
 .debug_macro   0x000000000000d6ea       0x52 ./App/Control/Control.o
 .debug_macro   0x000000000000d73c       0x18 ./App/Control/Control.o
 .debug_macro   0x000000000000d754       0x3c ./App/Control/Control.o
 .debug_macro   0x000000000000d790       0x34 ./App/Control/Control.o
 .debug_macro   0x000000000000d7c4       0x16 ./App/Control/Control.o
 .debug_macro   0x000000000000d7da       0x35 ./App/Control/Control.o
 .debug_macro   0x000000000000d80f      0x341 ./App/Control/Control.o
 .debug_macro   0x000000000000db50       0x16 ./App/Control/Control.o
 .debug_macro   0x000000000000db66       0x43 ./App/Control/Control.o
 .debug_macro   0x000000000000dba9       0x34 ./App/Control/Control.o
 .debug_macro   0x000000000000dbdd       0x10 ./App/Control/Control.o
 .debug_macro   0x000000000000dbed       0x58 ./App/Control/Control.o
 .debug_macro   0x000000000000dc45       0x71 ./App/Control/Control.o
 .debug_macro   0x000000000000dcb6       0x1c ./App/Control/Control.o
 .debug_macro   0x000000000000dcd2      0x12a ./App/Control/Control.o
 .debug_macro   0x000000000000ddfc       0x10 ./App/Control/Control.o
 .debug_macro   0x000000000000de0c       0x1c ./App/Control/Control.o
 .debug_macro   0x000000000000de28       0x52 ./App/Control/Control.o
 .debug_macro   0x000000000000de7a       0x22 ./App/Control/Control.o
 .debug_macro   0x000000000000de9c       0x10 ./App/Control/Control.o
 .debug_macro   0x000000000000deac       0x52 ./App/Control/Control.o
 .debug_macro   0x000000000000defe       0xd5 ./App/Control/Control.o
 .debug_macro   0x000000000000dfd3       0x1c ./App/Control/Control.o
 .debug_macro   0x000000000000dfef       0x3d ./App/Control/Control.o
 .debug_macro   0x000000000000e02c       0x16 ./App/Control/Control.o
 .debug_macro   0x000000000000e042      0x145 ./App/Control/Control.o
 .debug_macro   0x000000000000e187       0x16 ./App/Control/Control.o
 .debug_macro   0x000000000000e19d       0x20 ./App/Control/Control.o
 .debug_macro   0x000000000000e1bd       0xca ./App/Control/Control.o
 .debug_macro   0x000000000000e287       0x22 ./App/Control/Control.o
 .debug_macro   0x000000000000e2a9      0x1ae ./App/Control/Motor.o
 .debug_macro   0x000000000000e457      0x1b4 ./App/Control/Relay.o
 .debug_macro   0x000000000000e60b      0x1c8 ./App/Data/Flash_data.o
 .debug_macro   0x000000000000e7d3       0x1c ./App/Data/Flash_data.o
 .debug_macro   0x000000000000e7ef       0x10 ./App/Data/Flash_data.o
 .debug_macro   0x000000000000e7ff      0x395 ./App/Menu/Main_menu.o
 .debug_macro   0x000000000000eb94      0x377 ./App/Menu/Menu.o
 .debug_macro   0x000000000000ef0b      0x377 ./App/Menu/Setting_menu.o
 .debug_macro   0x000000000000f282      0x390 ./App/keypad_driver.o
 .debug_macro   0x000000000000f612       0x10 ./App/keypad_driver.o
 .debug_macro   0x000000000000f622      0x381 ./App/real_time.o
 .debug_macro   0x000000000000f9a3      0x394 ./Core/Src/main.o
 .debug_macro   0x000000000000fd37       0x16 ./Core/Src/main.o
 .debug_macro   0x000000000000fd4d      0x1a4 ./Core/Src/stm32f0xx_hal_msp.o
 .debug_macro   0x000000000000fef1      0x1ae ./Core/Src/stm32f0xx_it.o
 .debug_macro   0x000000000001009f       0xff ./Core/Src/sysmem.o
 .debug_macro   0x000000000001019e      0x23b ./Core/Src/sysmem.o
 .debug_macro   0x00000000000103d9      0x19a ./Core/Src/system_stm32f0xx.o
 .debug_macro   0x0000000000010573      0x1be ./Drivers/STM32F0xx_HAL_Driver/Src/stm32f0xx_hal.o
 .debug_macro   0x0000000000010731      0x19a ./Drivers/STM32F0xx_HAL_Driver/Src/stm32f0xx_hal_cortex.o
 .debug_macro   0x00000000000108cb      0x19a ./Drivers/STM32F0xx_HAL_Driver/Src/stm32f0xx_hal_flash.o
 .debug_macro   0x0000000000010a65      0x1ac ./Drivers/STM32F0xx_HAL_Driver/Src/stm32f0xx_hal_flash_ex.o
 .debug_macro   0x0000000000010c11      0x1a1 ./Drivers/STM32F0xx_HAL_Driver/Src/stm32f0xx_hal_gpio.o
 .debug_macro   0x0000000000010db2      0x25f ./Drivers/STM32F0xx_HAL_Driver/Src/stm32f0xx_hal_i2c.o
 .debug_macro   0x0000000000011011      0x19a ./Drivers/STM32F0xx_HAL_Driver/Src/stm32f0xx_hal_i2c_ex.o
 .debug_macro   0x00000000000111ab      0x1ac ./Drivers/STM32F0xx_HAL_Driver/Src/stm32f0xx_hal_rcc.o
 .debug_macro   0x0000000000011357      0x1c6 ./Libraries/DS3231.o
 .debug_macro   0x000000000001151d      0x1b3 ./Libraries/Keypad.o
 .debug_macro   0x00000000000116d0      0x33c ./Libraries/LCD_I2C.o
 .debug_macro   0x0000000000011a0c      0x1db ./Libraries/Water_Level_Sensor.o
 .debug_macro   0x0000000000011be7      0x1b3 ./Libraries/flash.o

.debug_line     0x0000000000000000    0x12180
 .debug_line    0x0000000000000000      0xc1b ./App/Control/Control.o
 .debug_line    0x0000000000000c1b      0x6aa ./App/Control/Motor.o
 .debug_line    0x00000000000012c5      0x6ed ./App/Control/Relay.o
 .debug_line    0x00000000000019b2      0x7c5 ./App/Data/Flash_data.o
 .debug_line    0x0000000000002177      0xb20 ./App/Menu/Main_menu.o
 .debug_line    0x0000000000002c97      0xa31 ./App/Menu/Menu.o
 .debug_line    0x00000000000036c8      0xc7f ./App/Menu/Setting_menu.o
 .debug_line    0x0000000000004347      0xab7 ./App/keypad_driver.o
 .debug_line    0x0000000000004dfe      0xb87 ./App/real_time.o
 .debug_line    0x0000000000005985      0xc18 ./Core/Src/main.o
 .debug_line    0x000000000000659d      0x6be ./Core/Src/stm32f0xx_hal_msp.o
 .debug_line    0x0000000000006c5b      0x6d8 ./Core/Src/stm32f0xx_it.o
 .debug_line    0x0000000000007333      0x4ea ./Core/Src/sysmem.o
 .debug_line    0x000000000000781d      0x6e3 ./Core/Src/system_stm32f0xx.o
 .debug_line    0x0000000000007f00       0x89 ./Core/Startup/startup_stm32f030c8tx.o
 .debug_line    0x0000000000007f89      0x8ee ./Drivers/STM32F0xx_HAL_Driver/Src/stm32f0xx_hal.o
 .debug_line    0x0000000000008877      0x99a ./Drivers/STM32F0xx_HAL_Driver/Src/stm32f0xx_hal_cortex.o
 .debug_line    0x0000000000009211      0x9b6 ./Drivers/STM32F0xx_HAL_Driver/Src/stm32f0xx_hal_flash.o
 .debug_line    0x0000000000009bc7      0xa95 ./Drivers/STM32F0xx_HAL_Driver/Src/stm32f0xx_hal_flash_ex.o
 .debug_line    0x000000000000a65c      0xa6b ./Drivers/STM32F0xx_HAL_Driver/Src/stm32f0xx_hal_gpio.o
 .debug_line    0x000000000000b0c7     0x323e ./Drivers/STM32F0xx_HAL_Driver/Src/stm32f0xx_hal_i2c.o
 .debug_line    0x000000000000e305      0x7af ./Drivers/STM32F0xx_HAL_Driver/Src/stm32f0xx_hal_i2c_ex.o
 .debug_line    0x000000000000eab4      0xcda ./Drivers/STM32F0xx_HAL_Driver/Src/stm32f0xx_hal_rcc.o
 .debug_line    0x000000000000f78e      0x777 ./Libraries/DS3231.o
 .debug_line    0x000000000000ff05      0x7fd ./Libraries/Keypad.o
 .debug_line    0x0000000000010702      0xb40 ./Libraries/LCD_I2C.o
 .debug_line    0x0000000000011242      0x7e5 ./Libraries/Water_Level_Sensor.o
 .debug_line    0x0000000000011a27      0x759 ./Libraries/flash.o

.debug_str      0x0000000000000000    0x5b4f1
 .debug_str     0x0000000000000000    0x582b2 ./App/Control/Control.o
                                      0x5864f (size before relaxing)
 .debug_str     0x00000000000582b2       0xb8 ./App/Control/Motor.o
                                      0x53bb5 (size before relaxing)
 .debug_str     0x000000000005836a       0x7a ./App/Control/Relay.o
                                      0x53beb (size before relaxing)
 .debug_str     0x00000000000583e4       0xb0 ./App/Data/Flash_data.o
                                      0x53c47 (size before relaxing)
 .debug_str     0x0000000000058494      0x106 ./App/Menu/Main_menu.o
                                      0x584e7 (size before relaxing)
 .debug_str     0x000000000005859a       0x43 ./App/Menu/Menu.o
                                      0x5826c (size before relaxing)
 .debug_str     0x00000000000585dd      0x17c ./App/Menu/Setting_menu.o
                                      0x584da (size before relaxing)
 .debug_str     0x0000000000058759       0x86 ./App/keypad_driver.o
                                      0x582bb (size before relaxing)
 .debug_str     0x00000000000587df      0x186 ./App/real_time.o
                                      0x5842a (size before relaxing)
 .debug_str     0x0000000000058965      0x24e ./Core/Src/main.o
                                      0x584e3 (size before relaxing)
 .debug_str     0x0000000000058bb3       0x5e ./Core/Src/stm32f0xx_hal_msp.o
                                      0x54087 (size before relaxing)
 .debug_str     0x0000000000058c11       0x82 ./Core/Src/stm32f0xx_it.o
                                      0x53af2 (size before relaxing)
 .debug_str     0x0000000000058c93      0x4da ./Core/Src/sysmem.o
                                       0x5cc7 (size before relaxing)
 .debug_str     0x000000000005916d       0x8b ./Core/Src/system_stm32f0xx.o
                                      0x53b6a (size before relaxing)
 .debug_str     0x00000000000591f8       0x36 ./Core/Startup/startup_stm32f030c8tx.o
                                         0x91 (size before relaxing)
 .debug_str     0x000000000005922e      0x4be ./Drivers/STM32F0xx_HAL_Driver/Src/stm32f0xx_hal.o
                                      0x540fb (size before relaxing)
 .debug_str     0x00000000000596ec      0x1d2 ./Drivers/STM32F0xx_HAL_Driver/Src/stm32f0xx_hal_cortex.o
                                      0x53eec (size before relaxing)
 .debug_str     0x00000000000598be      0x296 ./Drivers/STM32F0xx_HAL_Driver/Src/stm32f0xx_hal_flash.o
                                      0x53e15 (size before relaxing)
 .debug_str     0x0000000000059b54      0x2ed ./Drivers/STM32F0xx_HAL_Driver/Src/stm32f0xx_hal_flash_ex.o
                                      0x53f76 (size before relaxing)
 .debug_str     0x0000000000059e41      0x10f ./Drivers/STM32F0xx_HAL_Driver/Src/stm32f0xx_hal_gpio.o
                                      0x53d0b (size before relaxing)
 .debug_str     0x0000000000059f50      0xded ./Drivers/STM32F0xx_HAL_Driver/Src/stm32f0xx_hal_i2c.o
                                      0x54e31 (size before relaxing)
 .debug_str     0x000000000005ad3d       0x89 ./Drivers/STM32F0xx_HAL_Driver/Src/stm32f0xx_hal_i2c_ex.o
                                      0x540ad (size before relaxing)
 .debug_str     0x000000000005adc6      0x204 ./Drivers/STM32F0xx_HAL_Driver/Src/stm32f0xx_hal_rcc.o
                                      0x53fa6 (size before relaxing)
 .debug_str     0x000000000005afca      0x102 ./Libraries/DS3231.o
                                      0x5415e (size before relaxing)
 .debug_str     0x000000000005b0cc      0x158 ./Libraries/Keypad.o
                                      0x53ce7 (size before relaxing)
 .debug_str     0x000000000005b224      0x137 ./Libraries/LCD_I2C.o
                                      0x582f3 (size before relaxing)
 .debug_str     0x000000000005b35b      0x145 ./Libraries/Water_Level_Sensor.o
                                      0x53d7d (size before relaxing)
 .debug_str     0x000000000005b4a0       0x51 ./Libraries/flash.o
                                      0x53c14 (size before relaxing)

.comment        0x0000000000000000       0x50
 .comment       0x0000000000000000       0x50 ./App/Control/Control.o
                                         0x51 (size before relaxing)
 .comment       0x0000000000000050       0x51 ./App/Control/Motor.o
 .comment       0x0000000000000050       0x51 ./App/Control/Relay.o
 .comment       0x0000000000000050       0x51 ./App/Data/Flash_data.o
 .comment       0x0000000000000050       0x51 ./App/Menu/Main_menu.o
 .comment       0x0000000000000050       0x51 ./App/Menu/Menu.o
 .comment       0x0000000000000050       0x51 ./App/Menu/Setting_menu.o
 .comment       0x0000000000000050       0x51 ./App/keypad_driver.o
 .comment       0x0000000000000050       0x51 ./App/real_time.o
 .comment       0x0000000000000050       0x51 ./Core/Src/main.o
 .comment       0x0000000000000050       0x51 ./Core/Src/stm32f0xx_hal_msp.o
 .comment       0x0000000000000050       0x51 ./Core/Src/stm32f0xx_it.o
 .comment       0x0000000000000050       0x51 ./Core/Src/sysmem.o
 .comment       0x0000000000000050       0x51 ./Core/Src/system_stm32f0xx.o
 .comment       0x0000000000000050       0x51 ./Drivers/STM32F0xx_HAL_Driver/Src/stm32f0xx_hal.o
 .comment       0x0000000000000050       0x51 ./Drivers/STM32F0xx_HAL_Driver/Src/stm32f0xx_hal_cortex.o
 .comment       0x0000000000000050       0x51 ./Drivers/STM32F0xx_HAL_Driver/Src/stm32f0xx_hal_flash.o
 .comment       0x0000000000000050       0x51 ./Drivers/STM32F0xx_HAL_Driver/Src/stm32f0xx_hal_flash_ex.o
 .comment       0x0000000000000050       0x51 ./Drivers/STM32F0xx_HAL_Driver/Src/stm32f0xx_hal_gpio.o
 .comment       0x0000000000000050       0x51 ./Drivers/STM32F0xx_HAL_Driver/Src/stm32f0xx_hal_i2c.o
 .comment       0x0000000000000050       0x51 ./Drivers/STM32F0xx_HAL_Driver/Src/stm32f0xx_hal_i2c_ex.o
 .comment       0x0000000000000050       0x51 ./Drivers/STM32F0xx_HAL_Driver/Src/stm32f0xx_hal_rcc.o
 .comment       0x0000000000000050       0x51 ./Libraries/DS3231.o
 .comment       0x0000000000000050       0x51 ./Libraries/Keypad.o
 .comment       0x0000000000000050       0x51 ./Libraries/LCD_I2C.o
 .comment       0x0000000000000050       0x51 ./Libraries/Water_Level_Sensor.o
 .comment       0x0000000000000050       0x51 ./Libraries/flash.o

.debug_frame    0x0000000000000000     0x264c
 .debug_frame   0x0000000000000000       0xac ./App/Control/Control.o
 .debug_frame   0x00000000000000ac       0x6c ./App/Control/Motor.o
 .debug_frame   0x0000000000000118       0x88 ./App/Control/Relay.o
 .debug_frame   0x00000000000001a0       0x8c ./App/Data/Flash_data.o
 .debug_frame   0x000000000000022c       0x68 ./App/Menu/Main_menu.o
 .debug_frame   0x0000000000000294       0x4c ./App/Menu/Menu.o
 .debug_frame   0x00000000000002e0       0xa8 ./App/Menu/Setting_menu.o
 .debug_frame   0x0000000000000388       0x4c ./App/keypad_driver.o
 .debug_frame   0x00000000000003d4       0x84 ./App/real_time.o
 .debug_frame   0x0000000000000458       0xa4 ./Core/Src/main.o
 .debug_frame   0x00000000000004fc       0x70 ./Core/Src/stm32f0xx_hal_msp.o
 .debug_frame   0x000000000000056c       0x9c ./Core/Src/stm32f0xx_it.o
 .debug_frame   0x0000000000000608       0x30 ./Core/Src/sysmem.o
 .debug_frame   0x0000000000000638       0x4c ./Core/Src/system_stm32f0xx.o
 .debug_frame   0x0000000000000684      0x2a4 ./Drivers/STM32F0xx_HAL_Driver/Src/stm32f0xx_hal.o
 .debug_frame   0x0000000000000928      0x2a0 ./Drivers/STM32F0xx_HAL_Driver/Src/stm32f0xx_hal_cortex.o
 .debug_frame   0x0000000000000bc8      0x1c4 ./Drivers/STM32F0xx_HAL_Driver/Src/stm32f0xx_hal_flash.o
 .debug_frame   0x0000000000000d8c      0x220 ./Drivers/STM32F0xx_HAL_Driver/Src/stm32f0xx_hal_flash_ex.o
 .debug_frame   0x0000000000000fac      0x110 ./Drivers/STM32F0xx_HAL_Driver/Src/stm32f0xx_hal_gpio.o
 .debug_frame   0x00000000000010bc      0xa24 ./Drivers/STM32F0xx_HAL_Driver/Src/stm32f0xx_hal_i2c.o
 .debug_frame   0x0000000000001ae0       0x90 ./Drivers/STM32F0xx_HAL_Driver/Src/stm32f0xx_hal_i2c_ex.o
 .debug_frame   0x0000000000001b70      0x198 ./Drivers/STM32F0xx_HAL_Driver/Src/stm32f0xx_hal_rcc.o
 .debug_frame   0x0000000000001d08       0xf0 ./Libraries/DS3231.o
 .debug_frame   0x0000000000001df8      0x148 ./Libraries/Keypad.o
 .debug_frame   0x0000000000001f40      0x1f4 ./Libraries/LCD_I2C.o
 .debug_frame   0x0000000000002134       0x6c ./Libraries/Water_Level_Sensor.o
 .debug_frame   0x00000000000021a0       0x74 ./Libraries/flash.o
 .debug_frame   0x0000000000002214       0x20 c:/st/stm32cubeide_1.10.1/stm32cubeide/plugins/com.st.stm32cube.ide.mcu.externaltools.gnu-tools-for-stm32.10.3-2021.10.win32_1.0.0.202111181127/tools/bin/../lib/gcc/arm-none-eabi/10.3.1/../../../../arm-none-eabi/lib/thumb/v6-m/nofp\libc_nano.a(lib_a-errno.o)
 .debug_frame   0x0000000000002234       0x2c c:/st/stm32cubeide_1.10.1/stm32cubeide/plugins/com.st.stm32cube.ide.mcu.externaltools.gnu-tools-for-stm32.10.3-2021.10.win32_1.0.0.202111181127/tools/bin/../lib/gcc/arm-none-eabi/10.3.1/../../../../arm-none-eabi/lib/thumb/v6-m/nofp\libc_nano.a(lib_a-init.o)
 .debug_frame   0x0000000000002260       0x28 c:/st/stm32cubeide_1.10.1/stm32cubeide/plugins/com.st.stm32cube.ide.mcu.externaltools.gnu-tools-for-stm32.10.3-2021.10.win32_1.0.0.202111181127/tools/bin/../lib/gcc/arm-none-eabi/10.3.1/../../../../arm-none-eabi/lib/thumb/v6-m/nofp\libc_nano.a(lib_a-memcpy-stub.o)
 .debug_frame   0x0000000000002288       0x20 c:/st/stm32cubeide_1.10.1/stm32cubeide/plugins/com.st.stm32cube.ide.mcu.externaltools.gnu-tools-for-stm32.10.3-2021.10.win32_1.0.0.202111181127/tools/bin/../lib/gcc/arm-none-eabi/10.3.1/../../../../arm-none-eabi/lib/thumb/v6-m/nofp\libc_nano.a(lib_a-memset.o)
 .debug_frame   0x00000000000022a8       0x40 c:/st/stm32cubeide_1.10.1/stm32cubeide/plugins/com.st.stm32cube.ide.mcu.externaltools.gnu-tools-for-stm32.10.3-2021.10.win32_1.0.0.202111181127/tools/bin/../lib/gcc/arm-none-eabi/10.3.1/../../../../arm-none-eabi/lib/thumb/v6-m/nofp\libc_nano.a(lib_a-vsprintf.o)
 .debug_frame   0x00000000000022e8       0x74 c:/st/stm32cubeide_1.10.1/stm32cubeide/plugins/com.st.stm32cube.ide.mcu.externaltools.gnu-tools-for-stm32.10.3-2021.10.win32_1.0.0.202111181127/tools/bin/../lib/gcc/arm-none-eabi/10.3.1/../../../../arm-none-eabi/lib/thumb/v6-m/nofp\libc_nano.a(lib_a-nano-svfprintf.o)
 .debug_frame   0x000000000000235c       0x54 c:/st/stm32cubeide_1.10.1/stm32cubeide/plugins/com.st.stm32cube.ide.mcu.externaltools.gnu-tools-for-stm32.10.3-2021.10.win32_1.0.0.202111181127/tools/bin/../lib/gcc/arm-none-eabi/10.3.1/../../../../arm-none-eabi/lib/thumb/v6-m/nofp\libc_nano.a(lib_a-nano-vfprintf_i.o)
 .debug_frame   0x00000000000023b0       0x20 c:/st/stm32cubeide_1.10.1/stm32cubeide/plugins/com.st.stm32cube.ide.mcu.externaltools.gnu-tools-for-stm32.10.3-2021.10.win32_1.0.0.202111181127/tools/bin/../lib/gcc/arm-none-eabi/10.3.1/../../../../arm-none-eabi/lib/thumb/v6-m/nofp\libc_nano.a(lib_a-memchr-stub.o)
 .debug_frame   0x00000000000023d0       0x28 c:/st/stm32cubeide_1.10.1/stm32cubeide/plugins/com.st.stm32cube.ide.mcu.externaltools.gnu-tools-for-stm32.10.3-2021.10.win32_1.0.0.202111181127/tools/bin/../lib/gcc/arm-none-eabi/10.3.1/../../../../arm-none-eabi/lib/thumb/v6-m/nofp\libc_nano.a(lib_a-memmove.o)
 .debug_frame   0x00000000000023f8       0x2c c:/st/stm32cubeide_1.10.1/stm32cubeide/plugins/com.st.stm32cube.ide.mcu.externaltools.gnu-tools-for-stm32.10.3-2021.10.win32_1.0.0.202111181127/tools/bin/../lib/gcc/arm-none-eabi/10.3.1/../../../../arm-none-eabi/lib/thumb/v6-m/nofp\libc_nano.a(lib_a-nano-freer.o)
 .debug_frame   0x0000000000002424       0x50 c:/st/stm32cubeide_1.10.1/stm32cubeide/plugins/com.st.stm32cube.ide.mcu.externaltools.gnu-tools-for-stm32.10.3-2021.10.win32_1.0.0.202111181127/tools/bin/../lib/gcc/arm-none-eabi/10.3.1/../../../../arm-none-eabi/lib/thumb/v6-m/nofp\libc_nano.a(lib_a-nano-mallocr.o)