../Libraries/Keypad.c:27:13:KeypadPressingCallback	16	static
../Libraries/Keypad.c:31:13:KeypadPressedShortCallback	16	static
../Libraries/Keypad.c:35:13:KeypadReleaseCallback	16	static
../Libraries/Keypad.c:40:13:KeypadPressingTimeoutCallback	16	static
../Libraries/Keypad.c:45:6:KeyPad_Select_Row	16	static
../Libraries/Keypad.c:49:6:KeyPad_UnSelect_Row	16	static
../Libraries/Keypad.c:57:16:KeyPad_GetKey	16	static
../Libraries/Keypad.c:74:13:Keypad_Filter	24	static
../Libraries/Keypad.c:92:6:Keypad_Handle	8	static
../Libraries/Keypad.c:124:6:Keypad_Init	8	static
