../Libs/Keypad.c:25:13:KeypadPressingCallback	16	static
../Libs/Keypad.c:29:13:KeypadPressedShortCallback	16	static
../Libs/Keypad.c:33:13:KeypadReleaseCallback	16	static
../Libs/Keypad.c:38:13:KeypadPressingTimeoutCallback	16	static
../Libs/Keypad.c:43:6:KeyPad_Select_Row	16	static
../Libs/Keypad.c:47:6:KeyPad_UnSelect_Row	16	static
../Libs/Keypad.c:55:16:KeyPad_GetKey	16	static
../Libs/Keypad.c:72:13:Keypad_Filter	24	static
../Libs/Keypad.c:90:6:Keypad_Handle	8	static
../Libs/Keypad.c:122:6:Keypad_Init	8	static
